ARM Linker, 5.03 [Build 76] [MDK-ARM Standard]

==============================================================================

Section Cross References

    startup_stm32f10x_hd.o(RESET) refers to startup_stm32f10x_hd.o(STACK) for __initial_sp
    startup_stm32f10x_hd.o(RESET) refers to startup_stm32f10x_hd.o(.text) for Reset_Handler
    startup_stm32f10x_hd.o(RESET) refers to extimng.o(i.HardFault_Handler) for HardFault_Handler
    startup_stm32f10x_hd.o(RESET) refers to timermng.o(i.SysTick_Handler) for SysTick_Handler
    startup_stm32f10x_hd.o(RESET) refers to extimng.o(i.EXTI0_IRQHandler) for EXTI0_IRQHandler
    startup_stm32f10x_hd.o(RESET) refers to timermng.o(i.TIM2_IRQHandler) for TIM2_IRQHandler
    startup_stm32f10x_hd.o(RESET) refers to timermng.o(i.TIM3_IRQHandler) for TIM3_IRQHandler
    startup_stm32f10x_hd.o(RESET) refers to uartmng.o(i.USART1_IRQHandler) for USART1_IRQHandler
    startup_stm32f10x_hd.o(RESET) refers to uartmng.o(i.USART2_IRQHandler) for USART2_IRQHandler
    startup_stm32f10x_hd.o(.text) refers to system_stm32f10x.o(i.SystemInit) for SystemInit
    startup_stm32f10x_hd.o(.text) refers to entry.o(.ARM.Collect$$$$00000000) for __main
    main.o(i.DataInit) refers to globalval.o(.data) for WorkMode
    main.o(i.ircCtrlTask) refers to packetreceive.o(i.getRecvPacketData) for getRecvPacketData
    main.o(i.ircCtrlTask) refers to ircmng.o(i.ircMsgRecvHandle) for ircMsgRecvHandle
    main.o(i.ircCtrlTask) refers to globalval.o(.bss) for ircRecvHandle
    main.o(i.ircLearnTask) refers to ircmng.o(i.ircCalcWaveKhz) for ircCalcWaveKhz
    main.o(i.ircLearnTask) refers to ircmng.o(i.clearIrcLearnData) for clearIrcLearnData
    main.o(i.ircLearnTask) refers to ircmng.o(i.clearIrcEncodeData) for clearIrcEncodeData
    main.o(i.ircLearnTask) refers to ircmng.o(i.ircEncode) for ircEncode
    main.o(i.ircLearnTask) refers to hardmng.o(i.LED_Blink) for LED_Blink
    main.o(i.ircLearnTask) refers to irc_cmdsend.o(i.irc_RemoteLearnDataInd) for irc_RemoteLearnDataInd
    main.o(i.ircLearnTask) refers to irc_cmdsend.o(i.irc_LocalLearnEndInd) for irc_LocalLearnEndInd
    main.o(i.ircLearnTask) refers to memmovea.o(.text) for __aeabi_memmove
    main.o(i.ircLearnTask) refers to flashmng.o(i.Write_Flash_Data) for Write_Flash_Data
    main.o(i.ircLearnTask) refers to globalval.o(.bss) for ircLearnData
    main.o(i.ircLearnTask) refers to globalval.o(.data) for encodeTableLen
    main.o(i.main) refers to mcumng.o(i.mcu_Init) for mcu_Init
    main.o(i.main) refers to hardmng.o(i.HardWare_Init) for HardWare_Init
    main.o(i.main) refers to ircmng.o(i.ircMngInit) for ircMngInit
    main.o(i.main) refers to main.o(i.DataInit) for DataInit
    main.o(i.main) refers to hardmng.o(i.LED_Blink) for LED_Blink
    main.o(i.main) refers to hardmng.o(i.UserDelay) for UserDelay
    common.o(i.ascii2hex) refers to atoi.o(.text) for atoi
    mcumng.o(i.Get_ChipID) refers to common.o(i.HexToAscii) for HexToAscii
    mcumng.o(i.RCC_Configuration) refers to stm32f10x_rcc.o(i.RCC_DeInit) for RCC_DeInit
    mcumng.o(i.RCC_Configuration) refers to stm32f10x_rcc.o(i.RCC_HSEConfig) for RCC_HSEConfig
    mcumng.o(i.RCC_Configuration) refers to stm32f10x_rcc.o(i.RCC_HSICmd) for RCC_HSICmd
    mcumng.o(i.RCC_Configuration) refers to stm32f10x_rcc.o(i.RCC_GetFlagStatus) for RCC_GetFlagStatus
    mcumng.o(i.RCC_Configuration) refers to stm32f10x_rcc.o(i.RCC_HCLKConfig) for RCC_HCLKConfig
    mcumng.o(i.RCC_Configuration) refers to stm32f10x_rcc.o(i.RCC_PCLK2Config) for RCC_PCLK2Config
    mcumng.o(i.RCC_Configuration) refers to stm32f10x_rcc.o(i.RCC_PCLK1Config) for RCC_PCLK1Config
    mcumng.o(i.RCC_Configuration) refers to stm32f10x_rcc.o(i.RCC_PLLConfig) for RCC_PLLConfig
    mcumng.o(i.RCC_Configuration) refers to stm32f10x_rcc.o(i.RCC_PLLCmd) for RCC_PLLCmd
    mcumng.o(i.RCC_Configuration) refers to stm32f10x_rcc.o(i.RCC_SYSCLKConfig) for RCC_SYSCLKConfig
    mcumng.o(i.RCC_Configuration) refers to stm32f10x_rcc.o(i.RCC_GetSYSCLKSource) for RCC_GetSYSCLKSource
    mcumng.o(i.RCC_MCU_Configuration) refers to stm32f10x_rcc.o(i.RCC_APB2PeriphClockCmd) for RCC_APB2PeriphClockCmd
    mcumng.o(i.RCC_MCU_Configuration) refers to stm32f10x_rcc.o(i.RCC_APB1PeriphClockCmd) for RCC_APB1PeriphClockCmd
    mcumng.o(i.mcu_Init) refers to mcumng.o(i.RCC_Configuration) for RCC_Configuration
    mcumng.o(i.mcu_Init) refers to mcumng.o(i.RCC_MCU_Configuration) for RCC_MCU_Configuration
    mcumng.o(i.mcu_Init) refers to uartmng.o(i.UART_Init) for UART_Init
    mcumng.o(i.mcu_Init) refers to timermng.o(i.ClockTimer_Init) for ClockTimer_Init
    mcumng.o(i.mcu_Init) refers to timermng.o(i.TIM1_PWM_Init) for TIM1_PWM_Init
    mcumng.o(i.mcu_Init) refers to timermng.o(i.TIM3_Config_Init) for TIM3_Config_Init
    uartmng.o(i.HalUartWrite) refers to uartmng.o(i.UartByteSend) for UartByteSend
    uartmng.o(i.NVIC1_Configuration) refers to misc.o(i.NVIC_PriorityGroupConfig) for NVIC_PriorityGroupConfig
[...]
    Removing irremotemng.o(i.decodeHash), (84 bytes).
    Removing irremotemng.o(i.decodeJVC), (260 bytes).
    Removing irremotemng.o(i.decodeMitsubishi), (176 bytes).
    Removing irremotemng.o(i.decodeNEC), (232 bytes).
    Removing irremotemng.o(i.decodePanasonic), (172 bytes).
    Removing irremotemng.o(i.decodeRC5), (196 bytes).
    Removing irremotemng.o(i.decodeRC6), (272 bytes).
    Removing irremotemng.o(i.decodeSanyo), (224 bytes).
    Removing irremotemng.o(i.decodeSony), (212 bytes).
    Removing irremotemng.o(i.disableIRRecvIn), (12 bytes).
    Removing irremotemng.o(i.disableIRSendOut), (8 bytes).
    Removing irremotemng.o(i.enableIRRecvIn), (12 bytes).
    Removing irremotemng.o(i.enableIRSendOut), (16 bytes).
    Removing irremotemng.o(i.getRClevel), (166 bytes).
    Removing irremotemng.o(i.getUsefulCode), (152 bytes).
    Removing irremotemng.o(i.mark), (16 bytes).
    Removing irremotemng.o(i.resume), (20 bytes).
    Removing irremotemng.o(i.sendDISH), (84 bytes).
    Removing irremotemng.o(i.sendIRCmd), (68 bytes).
    Removing irremotemng.o(i.sendJVC), (112 bytes).
    Removing irremotemng.o(i.sendNEC), (98 bytes).
    Removing irremotemng.o(i.sendPanasonic), (136 bytes).
    Removing irremotemng.o(i.sendRC5), (104 bytes).
    Removing irremotemng.o(i.sendRC6), (124 bytes).
    Removing irremotemng.o(i.sendRaw), (62 bytes).
    Removing irremotemng.o(i.sendSharp), (162 bytes).
    Removing irremotemng.o(i.sendSony), (90 bytes).
    Removing irremotemng.o(i.space), (16 bytes).
    Removing irremotemng.o(.bss), (606 bytes).
    Removing extimng.o(i.EXTI_Start), (40 bytes).
    Removing extimng.o(i.EXTI_Stop), (40 bytes).
    Removing misc.o(i.NVIC_SetVectorTable), (20 bytes).
    Removing misc.o(i.NVIC_SystemLPConfig), (32 bytes).
    Removing misc.o(i.SysTick_CLKSourceConfig), (40 bytes).
    Removing stm32f10x_adc.o(i.ADC_AnalogWatchdogCmd), (20 bytes).
    Removing stm32f10x_adc.o(i.ADC_AnalogWatchdogSingleChannelConfig), (16 bytes).
    Removing stm32f10x_adc.o(i.ADC_AnalogWatchdogThresholdsConfig), (6 bytes).
    Removing stm32f10x_adc.o(i.ADC_AutoInjectedConvCmd), (22 bytes).
    Removing stm32f10x_adc.o(i.ADC_ClearFlag), (6 bytes).
    Removing stm32f10x_adc.o(i.ADC_ClearITPendingBit), (10 bytes).
    Removing stm32f10x_adc.o(i.ADC_Cmd), (22 bytes).
    Removing stm32f10x_adc.o(i.ADC_DMACmd), (22 bytes).
    Removing stm32f10x_adc.o(i.ADC_DeInit), (92 bytes).
    Removing stm32f10x_adc.o(i.ADC_DiscModeChannelCountConfig), (24 bytes).
    Removing stm32f10x_adc.o(i.ADC_DiscModeCmd), (22 bytes).
    Removing stm32f10x_adc.o(i.ADC_ExternalTrigConvCmd), (22 bytes).
    Removing stm32f10x_adc.o(i.ADC_ExternalTrigInjectedConvCmd), (22 bytes).
    Removing stm32f10x_adc.o(i.ADC_ExternalTrigInjectedConvConfig), (16 bytes).
    Removing stm32f10x_adc.o(i.ADC_GetCalibrationStatus), (20 bytes).
    Removing stm32f10x_adc.o(i.ADC_GetConversionValue), (8 bytes).
    Removing stm32f10x_adc.o(i.ADC_GetDualModeConversionValue), (12 bytes).
    Removing stm32f10x_adc.o(i.ADC_GetFlagStatus), (18 bytes).
    Removing stm32f10x_adc.o(i.ADC_GetITStatus), (36 bytes).
    Removing stm32f10x_adc.o(i.ADC_GetInjectedConversionValue), (28 bytes).
    Removing stm32f10x_adc.o(i.ADC_GetResetCalibrationStatus), (20 bytes).
    Removing stm32f10x_adc.o(i.ADC_GetSoftwareStartConvStatus), (20 bytes).
    Removing stm32f10x_adc.o(i.ADC_GetSoftwareStartInjectedConvCmdStatus), (20 bytes).
    Removing stm32f10x_adc.o(i.ADC_ITConfig), (24 bytes).
    Removing stm32f10x_adc.o(i.ADC_Init), (80 bytes).
    Removing stm32f10x_adc.o(i.ADC_InjectedChannelConfig), (130 bytes).
    Removing stm32f10x_adc.o(i.ADC_InjectedDiscModeCmd), (22 bytes).
    Removing stm32f10x_adc.o(i.ADC_InjectedSequencerLengthConfig), (24 bytes).
    Removing stm32f10x_adc.o(i.ADC_RegularChannelConfig), (184 bytes).
    Removing stm32f10x_adc.o(i.ADC_ResetCalibration), (10 bytes).
    Removing stm32f10x_adc.o(i.ADC_SetInjectedOffset), (20 bytes).
    Removing stm32f10x_adc.o(i.ADC_SoftwareStartConvCmd), (22 bytes).
    Removing stm32f10x_adc.o(i.ADC_SoftwareStartInjectedConvCmd), (22 bytes).
    Removing stm32f10x_adc.o(i.ADC_StartCalibration), (10 bytes).
    Removing stm32f10x_adc.o(i.ADC_StructInit), (18 bytes).
    Removing stm32f10x_adc.o(i.ADC_TempSensorVrefintCmd), (36 bytes).
    Removing stm32f10x_bkp.o(i.BKP_ClearFlag), (20 bytes).
    Removing stm32f10x_bkp.o(i.BKP_ClearITPendingBit), (20 bytes).
    Removing stm32f10x_bkp.o(i.BKP_DeInit), (16 bytes).
    Removing stm32f10x_bkp.o(i.BKP_GetFlagStatus), (12 bytes).
    Removing stm32f10x_bkp.o(i.BKP_GetITStatus), (12 bytes).
    Removing stm32f10x_bkp.o(i.BKP_ITConfig), (12 bytes).
    Removing stm32f10x_bkp.o(i.BKP_RTCOutputConfig), (28 bytes).
    Removing stm32f10x_bkp.o(i.BKP_ReadBackupRegister), (28 bytes).
    Removing stm32f10x_bkp.o(i.BKP_SetRTCCalibrationValue), (28 bytes).
    Removing stm32f10x_bkp.o(i.BKP_TamperPinCmd), (12 bytes).
    Removing stm32f10x_bkp.o(i.BKP_TamperPinLevelConfig), (12 bytes).
    Removing stm32f10x_bkp.o(i.BKP_WriteBackupRegister), (28 bytes).
    Removing stm32f10x_can.o(i.CAN_CancelTransmit), (48 bytes).
    Removing stm32f10x_can.o(i.CAN_ClearFlag), (56 bytes).
    Removing stm32f10x_can.o(i.CAN_ClearITPendingBit), (168 bytes).
    Removing stm32f10x_can.o(i.CAN_DBGFreeze), (22 bytes).
    Removing stm32f10x_can.o(i.CAN_DeInit), (56 bytes).
    Removing stm32f10x_can.o(i.CAN_FIFORelease), (22 bytes).
    Removing stm32f10x_can.o(i.CAN_FilterInit), (264 bytes).
    Removing stm32f10x_can.o(i.CAN_GetFlagStatus), (120 bytes).
    Removing stm32f10x_can.o(i.CAN_GetITStatus), (288 bytes).
    Removing stm32f10x_can.o(i.CAN_GetLSBTransmitErrorCounter), (12 bytes).
    Removing stm32f10x_can.o(i.CAN_GetLastErrorCode), (12 bytes).
    Removing stm32f10x_can.o(i.CAN_GetReceiveErrorCounter), (10 bytes).
    Removing stm32f10x_can.o(i.CAN_ITConfig), (18 bytes).
    Removing stm32f10x_can.o(i.CAN_Init), (276 bytes).
    Removing stm32f10x_can.o(i.CAN_MessagePending), (30 bytes).
    Removing stm32f10x_can.o(i.CAN_OperatingModeRequest), (162 bytes).
    Removing stm32f10x_can.o(i.CAN_Receive), (240 bytes).
    Removing stm32f10x_can.o(i.CAN_SlaveStartBank), (52 bytes).
    Removing stm32f10x_can.o(i.CAN_Sleep), (30 bytes).
    Removing stm32f10x_can.o(i.CAN_StructInit), (32 bytes).
    Removing stm32f10x_can.o(i.CAN_TTComModeCmd), (118 bytes).
    Removing stm32f10x_can.o(i.CAN_Transmit), (294 bytes).
    Removing stm32f10x_can.o(i.CAN_TransmitStatus), (160 bytes).
    Removing stm32f10x_can.o(i.CAN_WakeUp), (48 bytes).
    Removing stm32f10x_can.o(i.CheckITStatus), (16 bytes).
    Removing stm32f10x_cec.o(i.CEC_ClearFlag), (36 bytes).
    Removing stm32f10x_cec.o(i.CEC_ClearITPendingBit), (36 bytes).
    Removing stm32f10x_cec.o(i.CEC_Cmd), (28 bytes).
    Removing stm32f10x_cec.o(i.CEC_DeInit), (22 bytes).
    Removing stm32f10x_cec.o(i.CEC_EndOfMessageCmd), (12 bytes).
    Removing stm32f10x_cec.o(i.CEC_GetFlagStatus), (48 bytes).
    Removing stm32f10x_cec.o(i.CEC_GetITStatus), (40 bytes).
    Removing stm32f10x_cec.o(i.CEC_ITConfig), (12 bytes).
    Removing stm32f10x_cec.o(i.CEC_Init), (32 bytes).
    Removing stm32f10x_cec.o(i.CEC_OwnAddressConfig), (12 bytes).
    Removing stm32f10x_cec.o(i.CEC_ReceiveDataByte), (12 bytes).
    Removing stm32f10x_cec.o(i.CEC_SendDataByte), (12 bytes).
    Removing stm32f10x_cec.o(i.CEC_SetPrescaler), (12 bytes).
    Removing stm32f10x_cec.o(i.CEC_StartOfMessage), (12 bytes).
    Removing stm32f10x_crc.o(i.CRC_CalcBlockCRC), (36 bytes).
    Removing stm32f10x_crc.o(i.CRC_CalcCRC), (16 bytes).
    Removing stm32f10x_crc.o(i.CRC_GetCRC), (12 bytes).
    Removing stm32f10x_crc.o(i.CRC_GetIDRegister), (12 bytes).
    Removing stm32f10x_crc.o(i.CRC_ResetDR), (12 bytes).
    Removing stm32f10x_crc.o(i.CRC_SetIDRegister), (12 bytes).
    Removing stm32f10x_dac.o(i.DAC_Cmd), (40 bytes).
    Removing stm32f10x_dac.o(i.DAC_DMACmd), (44 bytes).
    Removing stm32f10x_dac.o(i.DAC_DeInit), (22 bytes).
    Removing stm32f10x_dac.o(i.DAC_DualSoftwareTriggerCmd), (36 bytes).
    Removing stm32f10x_dac.o(i.DAC_GetDataOutputValue), (36 bytes).
    Removing stm32f10x_dac.o(i.DAC_Init), (52 bytes).
    Removing stm32f10x_dac.o(i.DAC_SetChannel1Data), (32 bytes).
    Removing stm32f10x_dac.o(i.DAC_SetChannel2Data), (32 bytes).
    Removing stm32f10x_dac.o(i.DAC_SetDualChannelData), (36 bytes).
    Removing stm32f10x_dac.o(i.DAC_SoftwareTriggerCmd), (44 bytes).
    Removing stm32f10x_dac.o(i.DAC_StructInit), (12 bytes).
    Removing stm32f10x_dac.o(i.DAC_WaveGenerationCmd), (40 bytes).
    Removing stm32f10x_dbgmcu.o(i.DBGMCU_Config), (32 bytes).
    Removing stm32f10x_dbgmcu.o(i.DBGMCU_GetDEVID), (16 bytes).
    Removing stm32f10x_dbgmcu.o(i.DBGMCU_GetREVID), (12 bytes).
    Removing stm32f10x_dma.o(i.DMA_ClearFlag), (28 bytes).
    Removing stm32f10x_dma.o(i.DMA_ClearITPendingBit), (28 bytes).
    Removing stm32f10x_dma.o(i.DMA_Cmd), (24 bytes).
    Removing stm32f10x_dma.o(i.DMA_DeInit), (332 bytes).
    Removing stm32f10x_dma.o(i.DMA_GetCurrDataCounter), (8 bytes).
    Removing stm32f10x_dma.o(i.DMA_GetFlagStatus), (44 bytes).
    Removing stm32f10x_dma.o(i.DMA_GetITStatus), (44 bytes).
    Removing stm32f10x_dma.o(i.DMA_ITConfig), (18 bytes).
    Removing stm32f10x_dma.o(i.DMA_Init), (60 bytes).
    Removing stm32f10x_dma.o(i.DMA_SetCurrDataCounter), (4 bytes).
    Removing stm32f10x_dma.o(i.DMA_StructInit), (26 bytes).
    Removing stm32f10x_exti.o(i.EXTI_ClearFlag), (12 bytes).
    Removing stm32f10x_exti.o(i.EXTI_DeInit), (36 bytes).
    Removing stm32f10x_exti.o(i.EXTI_GenerateSWInterrupt), (16 bytes).
    Removing stm32f10x_exti.o(i.EXTI_GetFlagStatus), (24 bytes).
    Removing stm32f10x_exti.o(i.EXTI_StructInit), (16 bytes).
    Removing stm32f10x_flash.o(i.FLASH_ClearFlag), (12 bytes).
    Removing stm32f10x_flash.o(i.FLASH_EnableWriteProtection), (196 bytes).
    Removing stm32f10x_flash.o(i.FLASH_EraseAllBank1Pages), (72 bytes).
    Removing stm32f10x_flash.o(i.FLASH_EraseAllPages), (72 bytes).
    Removing stm32f10x_flash.o(i.FLASH_EraseOptionBytes), (168 bytes).
    Removing stm32f10x_flash.o(i.FLASH_ErasePage), (76 bytes).
    Removing stm32f10x_flash.o(i.FLASH_GetBank1Status), (52 bytes).
    Removing stm32f10x_flash.o(i.FLASH_GetFlagStatus), (48 bytes).
    Removing stm32f10x_flash.o(i.FLASH_GetPrefetchBufferStatus), (24 bytes).
    Removing stm32f10x_flash.o(i.FLASH_GetReadOutProtectionStatus), (24 bytes).
    Removing stm32f10x_flash.o(i.FLASH_GetStatus), (52 bytes).
    Removing stm32f10x_flash.o(i.FLASH_GetUserOptionByte), (12 bytes).
    Removing stm32f10x_flash.o(i.FLASH_GetWriteProtectionOptionByte), (12 bytes).
    Removing stm32f10x_flash.o(i.FLASH_HalfCycleAccessCmd), (28 bytes).
    Removing stm32f10x_flash.o(i.FLASH_ITConfig), (32 bytes).
    Removing stm32f10x_flash.o(i.FLASH_Lock), (20 bytes).
    Removing stm32f10x_flash.o(i.FLASH_LockBank1), (20 bytes).
    Removing stm32f10x_flash.o(i.FLASH_PrefetchBufferCmd), (28 bytes).
    Removing stm32f10x_flash.o(i.FLASH_ProgramHalfWord), (64 bytes).
    Removing stm32f10x_flash.o(i.FLASH_ProgramOptionByteData), (84 bytes).
    Removing stm32f10x_flash.o(i.FLASH_ProgramWord), (108 bytes).
    Removing stm32f10x_flash.o(i.FLASH_ReadOutProtection), (172 bytes).
    Removing stm32f10x_flash.o(i.FLASH_SetLatency), (24 bytes).
    Removing stm32f10x_flash.o(i.FLASH_Unlock), (24 bytes).
    Removing stm32f10x_flash.o(i.FLASH_UnlockBank1), (24 bytes).
    Removing stm32f10x_flash.o(i.FLASH_UserOptionByteConfig), (104 bytes).
    Removing stm32f10x_flash.o(i.FLASH_WaitForLastBank1Operation), (38 bytes).
    Removing stm32f10x_flash.o(i.FLASH_WaitForLastOperation), (38 bytes).
    Removing stm32f10x_fsmc.o(i.FSMC_ClearFlag), (72 bytes).
    Removing stm32f10x_fsmc.o(i.FSMC_ClearITPendingBit), (72 bytes).
    Removing stm32f10x_fsmc.o(i.FSMC_GetECC), (28 bytes).
    Removing stm32f10x_fsmc.o(i.FSMC_GetFlagStatus), (56 bytes).
    Removing stm32f10x_fsmc.o(i.FSMC_GetITStatus), (68 bytes).
    Removing stm32f10x_fsmc.o(i.FSMC_ITConfig), (136 bytes).
    Removing stm32f10x_fsmc.o(i.FSMC_NANDCmd), (92 bytes).
    Removing stm32f10x_fsmc.o(i.FSMC_NANDDeInit), (72 bytes).
    Removing stm32f10x_fsmc.o(i.FSMC_NANDECCCmd), (92 bytes).
    Removing stm32f10x_fsmc.o(i.FSMC_NANDInit), (140 bytes).
    Removing stm32f10x_fsmc.o(i.FSMC_NANDStructInit), (54 bytes).
    Removing stm32f10x_fsmc.o(i.FSMC_NORSRAMCmd), (52 bytes).
    Removing stm32f10x_fsmc.o(i.FSMC_NORSRAMDeInit), (56 bytes).
    Removing stm32f10x_fsmc.o(i.FSMC_NORSRAMInit), (224 bytes).
    Removing stm32f10x_fsmc.o(i.FSMC_NORSRAMStructInit), (114 bytes).
    Removing stm32f10x_fsmc.o(i.FSMC_PCCARDCmd), (48 bytes).
    Removing stm32f10x_fsmc.o(i.FSMC_PCCARDDeInit), (48 bytes).
    Removing stm32f10x_fsmc.o(i.FSMC_PCCARDInit), (136 bytes).
    Removing stm32f10x_fsmc.o(i.FSMC_PCCARDStructInit), (60 bytes).
    Removing stm32f10x_gpio.o(i.GPIO_AFIODeInit), (20 bytes).
    Removing stm32f10x_gpio.o(i.GPIO_DeInit), (200 bytes).
    Removing stm32f10x_gpio.o(i.GPIO_ETH_MediaInterfaceConfig), (12 bytes).
    Removing stm32f10x_gpio.o(i.GPIO_EventOutputCmd), (12 bytes).
    Removing stm32f10x_gpio.o(i.GPIO_EventOutputConfig), (32 bytes).
    Removing stm32f10x_gpio.o(i.GPIO_PinLockConfig), (18 bytes).
    Removing stm32f10x_gpio.o(i.GPIO_ReadInputData), (8 bytes).
    Removing stm32f10x_gpio.o(i.GPIO_ReadInputDataBit), (18 bytes).
    Removing stm32f10x_gpio.o(i.GPIO_ReadOutputData), (8 bytes).
    Removing stm32f10x_gpio.o(i.GPIO_ReadOutputDataBit), (18 bytes).
    Removing stm32f10x_gpio.o(i.GPIO_SetBits), (4 bytes).
    Removing stm32f10x_gpio.o(i.GPIO_StructInit), (16 bytes).
    Removing stm32f10x_gpio.o(i.GPIO_Write), (4 bytes).
    Removing stm32f10x_gpio.o(i.GPIO_WriteBit), (10 bytes).
    Removing stm32f10x_i2c.o(i.I2C_ARPCmd), (24 bytes).
    Removing stm32f10x_i2c.o(i.I2C_AcknowledgeConfig), (24 bytes).
    Removing stm32f10x_i2c.o(i.I2C_CalculatePEC), (24 bytes).
    Removing stm32f10x_i2c.o(i.I2C_CheckEvent), (42 bytes).
    Removing stm32f10x_i2c.o(i.I2C_ClearFlag), (12 bytes).
    Removing stm32f10x_i2c.o(i.I2C_ClearITPendingBit), (12 bytes).
    Removing stm32f10x_i2c.o(i.I2C_Cmd), (24 bytes).
    Removing stm32f10x_i2c.o(i.I2C_DMACmd), (24 bytes).
    Removing stm32f10x_i2c.o(i.I2C_DMALastTransferCmd), (24 bytes).
    Removing stm32f10x_i2c.o(i.I2C_DeInit), (56 bytes).
    Removing stm32f10x_i2c.o(i.I2C_DualAddressCmd), (24 bytes).
    Removing stm32f10x_i2c.o(i.I2C_FastModeDutyCycleConfig), (28 bytes).
    Removing stm32f10x_i2c.o(i.I2C_GeneralCallCmd), (24 bytes).
    Removing stm32f10x_i2c.o(i.I2C_GenerateSTART), (24 bytes).
    Removing stm32f10x_i2c.o(i.I2C_GenerateSTOP), (24 bytes).
    Removing stm32f10x_i2c.o(i.I2C_GetFlagStatus), (58 bytes).
    Removing stm32f10x_i2c.o(i.I2C_GetITStatus), (38 bytes).
    Removing stm32f10x_i2c.o(i.I2C_GetLastEvent), (26 bytes).
    Removing stm32f10x_i2c.o(i.I2C_GetPEC), (8 bytes).
    Removing stm32f10x_i2c.o(i.I2C_ITConfig), (18 bytes).
    Removing stm32f10x_i2c.o(i.I2C_Init), (236 bytes).
    Removing stm32f10x_i2c.o(i.I2C_NACKPositionConfig), (28 bytes).
    Removing stm32f10x_i2c.o(i.I2C_OwnAddress2Config), (22 bytes).
    Removing stm32f10x_i2c.o(i.I2C_PECPositionConfig), (28 bytes).
    Removing stm32f10x_i2c.o(i.I2C_ReadRegister), (22 bytes).
    Removing stm32f10x_i2c.o(i.I2C_ReceiveData), (8 bytes).
    Removing stm32f10x_i2c.o(i.I2C_SMBusAlertConfig), (28 bytes).
    Removing stm32f10x_i2c.o(i.I2C_Send7bitAddress), (18 bytes).
    Removing stm32f10x_i2c.o(i.I2C_SendData), (4 bytes).
    Removing stm32f10x_i2c.o(i.I2C_SoftwareResetCmd), (22 bytes).
    Removing stm32f10x_i2c.o(i.I2C_StretchClockCmd), (24 bytes).
    Removing stm32f10x_i2c.o(i.I2C_StructInit), (30 bytes).
    Removing stm32f10x_i2c.o(i.I2C_TransmitPEC), (24 bytes).
    Removing stm32f10x_iwdg.o(i.IWDG_Enable), (16 bytes).
    Removing stm32f10x_iwdg.o(i.IWDG_GetFlagStatus), (24 bytes).
    Removing stm32f10x_iwdg.o(i.IWDG_SetPrescaler), (12 bytes).
    Removing stm32f10x_iwdg.o(i.IWDG_SetReload), (12 bytes).
    Removing stm32f10x_iwdg.o(i.IWDG_WriteAccessCmd), (12 bytes).
    Removing stm32f10x_pwr.o(i.PWR_BackupAccessCmd), (12 bytes).
    Removing stm32f10x_pwr.o(i.PWR_ClearFlag), (20 bytes).
    Removing stm32f10x_pwr.o(i.PWR_DeInit), (22 bytes).
    Removing stm32f10x_pwr.o(i.PWR_EnterSTANDBYMode), (52 bytes).
    Removing stm32f10x_pwr.o(i.PWR_EnterSTOPMode), (64 bytes).
    Removing stm32f10x_pwr.o(i.PWR_GetFlagStatus), (24 bytes).
    Removing stm32f10x_pwr.o(i.PWR_PVDCmd), (12 bytes).
    Removing stm32f10x_pwr.o(i.PWR_PVDLevelConfig), (24 bytes).
    Removing stm32f10x_pwr.o(i.PWR_WakeUpPinCmd), (12 bytes).
    Removing stm32f10x_rcc.o(i.RCC_ADCCLKConfig), (24 bytes).
    Removing stm32f10x_rcc.o(i.RCC_AHBPeriphClockCmd), (32 bytes).
    Removing stm32f10x_rcc.o(i.RCC_AdjustHSICalibrationValue), (24 bytes).
    Removing stm32f10x_rcc.o(i.RCC_BackupResetCmd), (12 bytes).
    Removing stm32f10x_rcc.o(i.RCC_ClearFlag), (20 bytes).
    Removing stm32f10x_rcc.o(i.RCC_ClearITPendingBit), (12 bytes).
    Removing stm32f10x_rcc.o(i.RCC_ClockSecuritySystemCmd), (12 bytes).
    Removing stm32f10x_rcc.o(i.RCC_GetITStatus), (24 bytes).
    Removing stm32f10x_rcc.o(i.RCC_ITConfig), (32 bytes).
    Removing stm32f10x_rcc.o(i.RCC_LSEConfig), (52 bytes).
    Removing stm32f10x_rcc.o(i.RCC_LSICmd), (12 bytes).
    Removing stm32f10x_rcc.o(i.RCC_MCOConfig), (12 bytes).
    Removing stm32f10x_rcc.o(i.RCC_RTCCLKCmd), (12 bytes).
    Removing stm32f10x_rcc.o(i.RCC_RTCCLKConfig), (16 bytes).
    Removing stm32f10x_rcc.o(i.RCC_USBCLKConfig), (12 bytes).
    Removing stm32f10x_rcc.o(i.RCC_WaitForHSEStartUp), (56 bytes).
    Removing stm32f10x_rtc.o(i.RTC_ClearFlag), (16 bytes).
    Removing stm32f10x_rtc.o(i.RTC_ClearITPendingBit), (16 bytes).
    Removing stm32f10x_rtc.o(i.RTC_EnterConfigMode), (20 bytes).
    Removing stm32f10x_rtc.o(i.RTC_ExitConfigMode), (20 bytes).
    Removing stm32f10x_rtc.o(i.RTC_GetCounter), (20 bytes).
    Removing stm32f10x_rtc.o(i.RTC_GetDivider), (24 bytes).
    Removing stm32f10x_rtc.o(i.RTC_GetFlagStatus), (24 bytes).
    Removing stm32f10x_rtc.o(i.RTC_GetITStatus), (36 bytes).
    Removing stm32f10x_rtc.o(i.RTC_ITConfig), (32 bytes).
    Removing stm32f10x_rtc.o(i.RTC_SetAlarm), (28 bytes).
    Removing stm32f10x_rtc.o(i.RTC_SetCounter), (28 bytes).
    Removing stm32f10x_rtc.o(i.RTC_SetPrescaler), (32 bytes).
    Removing stm32f10x_rtc.o(i.RTC_WaitForLastTask), (20 bytes).
    Removing stm32f10x_rtc.o(i.RTC_WaitForSynchro), (32 bytes).
    Removing stm32f10x_sdio.o(i.SDIO_CEATAITCmd), (16 bytes).
    Removing stm32f10x_sdio.o(i.SDIO_ClearFlag), (12 bytes).
    Removing stm32f10x_sdio.o(i.SDIO_ClearITPendingBit), (12 bytes).
    Removing stm32f10x_sdio.o(i.SDIO_ClockCmd), (12 bytes).
    Removing stm32f10x_sdio.o(i.SDIO_CmdStructInit), (14 bytes).
    Removing stm32f10x_sdio.o(i.SDIO_CommandCompletionCmd), (12 bytes).
    Removing stm32f10x_sdio.o(i.SDIO_DMACmd), (12 bytes).
    Removing stm32f10x_sdio.o(i.SDIO_DataConfig), (48 bytes).
    Removing stm32f10x_sdio.o(i.SDIO_DataStructInit), (20 bytes).
    Removing stm32f10x_sdio.o(i.SDIO_DeInit), (36 bytes).
    Removing stm32f10x_sdio.o(i.SDIO_GetCommandResponse), (12 bytes).
    Removing stm32f10x_sdio.o(i.SDIO_GetDataCounter), (12 bytes).
    Removing stm32f10x_sdio.o(i.SDIO_GetFIFOCount), (12 bytes).
    Removing stm32f10x_sdio.o(i.SDIO_GetFlagStatus), (24 bytes).
    Removing stm32f10x_sdio.o(i.SDIO_GetITStatus), (24 bytes).
    Removing stm32f10x_sdio.o(i.SDIO_GetPowerState), (16 bytes).
    Removing stm32f10x_sdio.o(i.SDIO_GetResponse), (24 bytes).
    Removing stm32f10x_sdio.o(i.SDIO_ITConfig), (32 bytes).
    Removing stm32f10x_sdio.o(i.SDIO_Init), (48 bytes).
    Removing stm32f10x_sdio.o(i.SDIO_ReadData), (12 bytes).
    Removing stm32f10x_sdio.o(i.SDIO_SendCEATACmd), (12 bytes).
    Removing stm32f10x_sdio.o(i.SDIO_SendCommand), (44 bytes).
    Removing stm32f10x_sdio.o(i.SDIO_SendSDIOSuspendCmd), (12 bytes).
    Removing stm32f10x_sdio.o(i.SDIO_SetPowerState), (28 bytes).
    Removing stm32f10x_sdio.o(i.SDIO_SetSDIOOperation), (12 bytes).
    Removing stm32f10x_sdio.o(i.SDIO_SetSDIOReadWaitMode), (12 bytes).
    Removing stm32f10x_sdio.o(i.SDIO_StartSDIOReadWait), (12 bytes).
    Removing stm32f10x_sdio.o(i.SDIO_StopSDIOReadWait), (12 bytes).
    Removing stm32f10x_sdio.o(i.SDIO_StructInit), (16 bytes).
    Removing stm32f10x_sdio.o(i.SDIO_WriteData), (12 bytes).
    Removing stm32f10x_spi.o(i.I2S_Cmd), (24 bytes).
    Removing stm32f10x_spi.o(i.I2S_Init), (232 bytes).
    Removing stm32f10x_spi.o(i.I2S_StructInit), (20 bytes).
    Removing stm32f10x_spi.o(i.SPI_BiDirectionalLineConfig), (28 bytes).
    Removing stm32f10x_spi.o(i.SPI_CalculateCRC), (24 bytes).
    Removing stm32f10x_spi.o(i.SPI_Cmd), (24 bytes).
    Removing stm32f10x_spi.o(i.SPI_DataSizeConfig), (18 bytes).
    Removing stm32f10x_spi.o(i.SPI_GetCRC), (16 bytes).
    Removing stm32f10x_spi.o(i.SPI_GetCRCPolynomial), (6 bytes).
    Removing stm32f10x_spi.o(i.SPI_I2S_ClearFlag), (6 bytes).
    Removing stm32f10x_spi.o(i.SPI_I2S_ClearITPendingBit), (20 bytes).
    Removing stm32f10x_spi.o(i.SPI_I2S_DMACmd), (18 bytes).
    Removing stm32f10x_spi.o(i.SPI_I2S_DeInit), (88 bytes).
    Removing stm32f10x_spi.o(i.SPI_I2S_GetFlagStatus), (18 bytes).
    Removing stm32f10x_spi.o(i.SPI_I2S_GetITStatus), (52 bytes).
    Removing stm32f10x_spi.o(i.SPI_I2S_ITConfig), (32 bytes).
    Removing stm32f10x_spi.o(i.SPI_I2S_ReceiveData), (6 bytes).
    Removing stm32f10x_spi.o(i.SPI_I2S_SendData), (4 bytes).
    Removing stm32f10x_spi.o(i.SPI_Init), (60 bytes).
    Removing stm32f10x_spi.o(i.SPI_NSSInternalSoftwareConfig), (30 bytes).
    Removing stm32f10x_spi.o(i.SPI_SSOutputCmd), (24 bytes).
    Removing stm32f10x_spi.o(i.SPI_StructInit), (24 bytes).
    Removing stm32f10x_spi.o(i.SPI_TransmitCRC), (10 bytes).
    Removing stm32f10x_tim.o(i.TI1_Config), (128 bytes).
    Removing stm32f10x_tim.o(i.TI2_Config), (152 bytes).
    Removing stm32f10x_tim.o(i.TI3_Config), (144 bytes).
    Removing stm32f10x_tim.o(i.TI4_Config), (152 bytes).
    Removing stm32f10x_tim.o(i.TIM_ARRPreloadConfig), (24 bytes).
    Removing stm32f10x_tim.o(i.TIM_BDTRConfig), (32 bytes).
    Removing stm32f10x_tim.o(i.TIM_BDTRStructInit), (18 bytes).
    Removing stm32f10x_tim.o(i.TIM_CCPreloadControl), (24 bytes).
    Removing stm32f10x_tim.o(i.TIM_CCxCmd), (30 bytes).
    Removing stm32f10x_tim.o(i.TIM_CCxNCmd), (30 bytes).
    Removing stm32f10x_tim.o(i.TIM_ClearFlag), (6 bytes).
    Removing stm32f10x_tim.o(i.TIM_ClearOC1Ref), (18 bytes).
    Removing stm32f10x_tim.o(i.TIM_ClearOC2Ref), (24 bytes).
    Removing stm32f10x_tim.o(i.TIM_ClearOC3Ref), (18 bytes).
    Removing stm32f10x_tim.o(i.TIM_ClearOC4Ref), (24 bytes).
    Removing stm32f10x_tim.o(i.TIM_CounterModeConfig), (18 bytes).
    Removing stm32f10x_tim.o(i.TIM_DMACmd), (18 bytes).
    Removing stm32f10x_tim.o(i.TIM_DMAConfig), (10 bytes).
    Removing stm32f10x_tim.o(i.TIM_ETRClockMode1Config), (54 bytes).
    Removing stm32f10x_tim.o(i.TIM_ETRClockMode2Config), (32 bytes).
    Removing stm32f10x_tim.o(i.TIM_ETRConfig), (28 bytes).
    Removing stm32f10x_tim.o(i.TIM_EncoderInterfaceConfig), (66 bytes).
    Removing stm32f10x_tim.o(i.TIM_ForcedOC1Config), (18 bytes).
    Removing stm32f10x_tim.o(i.TIM_ForcedOC2Config), (26 bytes).
    Removing stm32f10x_tim.o(i.TIM_ForcedOC3Config), (18 bytes).
    Removing stm32f10x_tim.o(i.TIM_ForcedOC4Config), (26 bytes).
    Removing stm32f10x_tim.o(i.TIM_GetCapture1), (6 bytes).
    Removing stm32f10x_tim.o(i.TIM_GetCapture2), (6 bytes).
    Removing stm32f10x_tim.o(i.TIM_GetCapture3), (6 bytes).
    Removing stm32f10x_tim.o(i.TIM_GetCapture4), (8 bytes).
    Removing stm32f10x_tim.o(i.TIM_GetFlagStatus), (18 bytes).
    Removing stm32f10x_tim.o(i.TIM_GetPrescaler), (6 bytes).
    Removing stm32f10x_tim.o(i.TIM_ICInit), (172 bytes).
    Removing stm32f10x_tim.o(i.TIM_ICStructInit), (18 bytes).
    Removing stm32f10x_tim.o(i.TIM_ITRxExternalClockConfig), (24 bytes).
    Removing stm32f10x_tim.o(i.TIM_OC1FastConfig), (18 bytes).
    Removing stm32f10x_tim.o(i.TIM_OC1NPolarityConfig), (18 bytes).
    Removing stm32f10x_tim.o(i.TIM_OC1PolarityConfig), (18 bytes).
    Removing stm32f10x_tim.o(i.TIM_OC2FastConfig), (26 bytes).
    Removing stm32f10x_tim.o(i.TIM_OC2Init), (164 bytes).
    Removing stm32f10x_tim.o(i.TIM_OC2NPolarityConfig), (26 bytes).
    Removing stm32f10x_tim.o(i.TIM_OC2PolarityConfig), (26 bytes).
    Removing stm32f10x_tim.o(i.TIM_OC2PreloadConfig), (26 bytes).
    Removing stm32f10x_tim.o(i.TIM_OC3FastConfig), (18 bytes).
    Removing stm32f10x_tim.o(i.TIM_OC3Init), (160 bytes).
    Removing stm32f10x_tim.o(i.TIM_OC3NPolarityConfig), (26 bytes).
    Removing stm32f10x_tim.o(i.TIM_OC3PolarityConfig), (26 bytes).
    Removing stm32f10x_tim.o(i.TIM_OC3PreloadConfig), (18 bytes).
    Removing stm32f10x_tim.o(i.TIM_OC4FastConfig), (26 bytes).
    Removing stm32f10x_tim.o(i.TIM_OC4Init), (124 bytes).
    Removing stm32f10x_tim.o(i.TIM_OC4PolarityConfig), (26 bytes).
    Removing stm32f10x_tim.o(i.TIM_OC4PreloadConfig), (26 bytes).
    Removing stm32f10x_tim.o(i.TIM_PWMIConfig), (124 bytes).
    Removing stm32f10x_tim.o(i.TIM_PrescalerConfig), (6 bytes).
    Removing stm32f10x_tim.o(i.TIM_SelectCCDMA), (24 bytes).
    Removing stm32f10x_tim.o(i.TIM_SelectCOM), (24 bytes).
    Removing stm32f10x_tim.o(i.TIM_SelectHallSensor), (24 bytes).
    Removing stm32f10x_tim.o(i.TIM_SelectInputTrigger), (18 bytes).
    Removing stm32f10x_tim.o(i.TIM_SelectMasterSlaveMode), (18 bytes).
    Removing stm32f10x_tim.o(i.TIM_SelectOCxM), (82 bytes).
    Removing stm32f10x_tim.o(i.TIM_SelectOnePulseMode), (18 bytes).
    Removing stm32f10x_tim.o(i.TIM_SelectOutputTrigger), (18 bytes).
    Removing stm32f10x_tim.o(i.TIM_SelectSlaveMode), (18 bytes).
    Removing stm32f10x_tim.o(i.TIM_SetAutoreload), (4 bytes).
    Removing stm32f10x_tim.o(i.TIM_SetClockDivision), (18 bytes).
    Removing stm32f10x_tim.o(i.TIM_SetCompare1), (4 bytes).
    Removing stm32f10x_tim.o(i.TIM_SetCompare2), (4 bytes).
    Removing stm32f10x_tim.o(i.TIM_SetCompare3), (4 bytes).
    Removing stm32f10x_tim.o(i.TIM_SetCompare4), (6 bytes).
    Removing stm32f10x_tim.o(i.TIM_SetIC1Prescaler), (18 bytes).
    Removing stm32f10x_tim.o(i.TIM_SetIC2Prescaler), (26 bytes).
    Removing stm32f10x_tim.o(i.TIM_SetIC3Prescaler), (18 bytes).
    Removing stm32f10x_tim.o(i.TIM_SetIC4Prescaler), (26 bytes).
    Removing stm32f10x_tim.o(i.TIM_TIxExternalClockConfig), (62 bytes).
    Removing stm32f10x_tim.o(i.TIM_TimeBaseStructInit), (18 bytes).
    Removing stm32f10x_tim.o(i.TIM_UpdateDisableConfig), (24 bytes).
    Removing stm32f10x_tim.o(i.TIM_UpdateRequestConfig), (24 bytes).
    Removing stm32f10x_usart.o(i.USART_ClearFlag), (18 bytes).
    Removing stm32f10x_usart.o(i.USART_ClearITPendingBit), (30 bytes).
    Removing stm32f10x_usart.o(i.USART_ClockStructInit), (12 bytes).
    Removing stm32f10x_usart.o(i.USART_DMACmd), (18 bytes).
    Removing stm32f10x_usart.o(i.USART_DeInit), (156 bytes).
    Removing stm32f10x_usart.o(i.USART_GetFlagStatus), (26 bytes).
    Removing stm32f10x_usart.o(i.USART_HalfDuplexCmd), (24 bytes).
    Removing stm32f10x_usart.o(i.USART_IrDACmd), (24 bytes).
    Removing stm32f10x_usart.o(i.USART_IrDAConfig), (18 bytes).
    Removing stm32f10x_usart.o(i.USART_LINBreakDetectLengthConfig), (18 bytes).
    Removing stm32f10x_usart.o(i.USART_LINCmd), (24 bytes).
    Removing stm32f10x_usart.o(i.USART_OneBitMethodCmd), (24 bytes).
    Removing stm32f10x_usart.o(i.USART_OverSampling8Cmd), (22 bytes).
    Removing stm32f10x_usart.o(i.USART_ReceiverWakeUpCmd), (24 bytes).
    Removing stm32f10x_usart.o(i.USART_SendBreak), (10 bytes).
    Removing stm32f10x_usart.o(i.USART_SendData), (8 bytes).
    Removing stm32f10x_usart.o(i.USART_SetAddress), (18 bytes).
    Removing stm32f10x_usart.o(i.USART_SetGuardTime), (16 bytes).
    Removing stm32f10x_usart.o(i.USART_SetPrescaler), (16 bytes).
    Removing stm32f10x_usart.o(i.USART_SmartCardCmd), (24 bytes).
    Removing stm32f10x_usart.o(i.USART_SmartCardNACKCmd), (24 bytes).
    Removing stm32f10x_usart.o(i.USART_StructInit), (24 bytes).
    Removing stm32f10x_usart.o(i.USART_WakeUpConfig), (18 bytes).
    Removing stm32f10x_wwdg.o(i.WWDG_ClearFlag), (12 bytes).
    Removing stm32f10x_wwdg.o(i.WWDG_DeInit), (22 bytes).
    Removing stm32f10x_wwdg.o(i.WWDG_Enable), (16 bytes).
    Removing stm32f10x_wwdg.o(i.WWDG_EnableIT), (12 bytes).
    Removing stm32f10x_wwdg.o(i.WWDG_GetFlagStatus), (12 bytes).
    Removing stm32f10x_wwdg.o(i.WWDG_SetCounter), (16 bytes).
    Removing stm32f10x_wwdg.o(i.WWDG_SetPrescaler), (24 bytes).
    Removing stm32f10x_wwdg.o(i.WWDG_SetWindowValue), (40 bytes).
    Removing core_cm3.o(.emb_text), (32 bytes).
    Removing system_stm32f10x.o(i.SystemCoreClockUpdate), (164 bytes).
    Removing system_stm32f10x.o(.data), (20 bytes).
    Removing comparse.o(i.CheckMsgBlockFlag), (20 bytes).
    Removing comparse.o(i.ClearCmdFlag), (12 bytes).
    Removing comparse.o(i.cmdCalcCheckSum), (58 bytes).
    Removing comparse.o(i.cmdGet16bitVal), (72 bytes).
    Removing comparse.o(i.cmdGet32bitVal), (114 bytes).
    Removing comparse.o(i.cmdGet8bitVal), (42 bytes).
    Removing comparse.o(i.cmdGetStringAddr), (24 bytes).
    Removing comparse.o(i.cmdGetStringVal), (60 bytes).
    Removing comparse.o(i.cmdSet16bitVal), (50 bytes).
    Removing comparse.o(i.cmdSet32bitVal), (82 bytes).
    Removing comparse.o(i.cmdSet8bitVal), (34 bytes).
    Removing comparse.o(i.cmdSetPacketLen), (24 bytes).
    Removing comparse.o(i.cmdSetStringVal), (52 bytes).
    Removing comparse.o(i.msgDataHeader), (56 bytes).
    Removing comparse.o(i.setMsgBlockFlag), (8 bytes).
    Removing packetreceive.o(i.clearCheckSumByte), (68 bytes).
    Removing packetreceive.o(i.getCheckSumValue), (18 bytes).
    Removing packetreceive.o(i.getRecvPacketData), (96 bytes).
    Removing packetreceive.o(i.packetReceiveInit), (68 bytes).
    Removing packettransmit.o(i.makePacketEnd), (2 bytes).
    Removing packettransmit.o(i.makePacketHeader), (2 bytes).
    Removing packettransmit.o(i.packetDataTransmit), (44 bytes).
    Removing ircmng.o(i.getUsefulBits), (54 bytes).
    Removing ircmng.o(i.ircCalcWaveKhz), (68 bytes).
    Removing ircmng.o(i.ircDecode), (250 bytes).
    Removing ircmng.o(i.ircEncode), (472 bytes).
    Removing ircmng.o(i.ircLibDownloadCmd), (284 bytes).
    Removing ircmng.o(i.ircLibUploadCmd), (224 bytes).
    Removing ircmng.o(i.ircLocalContrlSendCmd), (244 bytes).
    Removing ircmng.o(i.ircLocalEnterLearnModeCmd), (72 bytes).
    Removing ircmng.o(i.ircLocalExitLearnModeCmd), (60 bytes).
    Removing ircmng.o(i.ircLocalSetStoreAddrCmd), (92 bytes).
    Removing ircmng.o(i.ircMsgRecvHandle), (218 bytes).
    Removing ircmng.o(i.ircRemoteEnterLearnModeCmd), (72 bytes).
    Removing ircmng.o(i.ircRemoteExitLearnModeCmd), (60 bytes).
    Removing ircmng.o(i.ircRemoteSendIRDataControlCmd), (280 bytes).
    Removing irc_cmdsend.o(i.calcFcs), (32 bytes).
    Removing irc_cmdsend.o(i.irc_CmdSendCfm), (76 bytes).
    Removing irc_cmdsend.o(i.irc_CmdSerialSend), (24 bytes).
    Removing irc_cmdsend.o(i.irc_LocalLearnEndInd), (84 bytes).
    Removing irc_cmdsend.o(i.irc_PCCmdSendCfm), (76 bytes).
    Removing irc_cmdsend.o(i.irc_PCCmdSerialSend), (24 bytes).
    Removing irc_cmdsend.o(i.irc_RemoteLearnDataInd), (182 bytes).
    Removing irc_cmdsend.o(i.irc_UPLoadLearnDataInd), (112 bytes).
    Removing irc_cmdsend.o(i.irc_UPLoadLearnDataIndComplete), (66 bytes).
    Removing flashmng.o(i.Disable_ReadProtect), (26 bytes).
    Removing flashmng.o(i.Enable_ReadProtect), (24 bytes).
    Removing flashmng.o(i.Read_Flash_Data), (60 bytes).
    Removing flashmng.o(i.Write_Flash_Data), (92 bytes).
    Removing dadd.o(.text), (334 bytes).
    Removing dmul.o(.text), (228 bytes).
    Removing ddiv.o(.text), (222 bytes).
    Removing dflti.o(.text), (34 bytes).
    Removing dfltui.o(.text), (26 bytes).
    Removing dfixi.o(.text), (62 bytes).
    Removing cdcmple.o(.text), (40 bytes).
    Removing depilogue.o(.text), (190 bytes).

554 unused section(s) (total 28246 bytes) removed from the image.

==============================================================================

Image Symbol Table

    Local Symbols

    Symbol Name                              Value     Ov Type        Size  Object(Section)

    ../clib/microlib/ctype/ctype.c           0x00000000   Number         0  isalpha_o.o ABSOLUTE
    ../clib/microlib/ctype/ctype.c           0x00000000   Number         0  isdigit_o.o ABSOLUTE
    ../clib/microlib/ctype/ctype.c           0x00000000   Number         0  isblank_o.o ABSOLUTE
    ../clib/microlib/ctype/ctype.c           0x00000000   Number         0  islower_o.o ABSOLUTE
    ../clib/microlib/ctype/ctype.c           0x00000000   Number         0  isgraph_o.o ABSOLUTE
    ../clib/microlib/ctype/ctype.c           0x00000000   Number         0  iscntrl_o.o ABSOLUTE
    ../clib/microlib/ctype/ctype.c           0x00000000   Number         0  ctype_o.o ABSOLUTE
    ../clib/microlib/ctype/ctype.c           0x00000000   Number         0  isalnum_o.o ABSOLUTE
    ../clib/microlib/ctype/ctype.c           0x00000000   Number         0  isprint_o.o ABSOLUTE
    ../clib/microlib/ctype/ctype.c           0x00000000   Number         0  ispunct_o.o ABSOLUTE
    ../clib/microlib/ctype/ctype.c           0x00000000   Number         0  isspace_o.o ABSOLUTE
    ../clib/microlib/ctype/ctype.c           0x00000000   Number         0  isupper_o.o ABSOLUTE
    ../clib/microlib/ctype/ctype.c           0x00000000   Number         0  isxdigit_o.o ABSOLUTE
    ../clib/microlib/errno.c                 0x00000000   Number         0  errno.o ABSOLUTE
    ../clib/microlib/init/entry.s            0x00000000   Number         0  entry9a.o ABSOLUTE
    ../clib/microlib/init/entry.s            0x00000000   Number         0  entry8b.o ABSOLUTE
    ../clib/microlib/init/entry.s            0x00000000   Number         0  entry8a.o ABSOLUTE
    ../clib/microlib/init/entry.s            0x00000000   Number         0  entry7b.o ABSOLUTE
    ../clib/microlib/init/entry.s            0x00000000   Number         0  entry5.o ABSOLUTE
    ../clib/microlib/init/entry.s            0x00000000   Number         0  entry2.o ABSOLUTE
    ../clib/microlib/init/entry.s            0x00000000   Number         0  entry11a.o ABSOLUTE
    ../clib/microlib/init/entry.s            0x00000000   Number         0  entry.o ABSOLUTE
    ../clib/microlib/init/entry.s            0x00000000   Number         0  entry7a.o ABSOLUTE
    ../clib/microlib/init/entry.s            0x00000000   Number         0  entry10b.o ABSOLUTE
    ../clib/microlib/init/entry.s            0x00000000   Number         0  entry10a.o ABSOLUTE
    ../clib/microlib/init/entry.s            0x00000000   Number         0  entry9b.o ABSOLUTE
    ../clib/microlib/init/entry.s            0x00000000   Number         0  entry11b.o ABSOLUTE
    ../clib/microlib/longlong.c              0x00000000   Number         0  llushr.o ABSOLUTE
    ../clib/microlib/longlong.c              0x00000000   Number         0  llsshr.o ABSOLUTE
    ../clib/microlib/longlong.c              0x00000000   Number         0  llshl.o ABSOLUTE
    ../clib/microlib/malloc/malloc.c         0x00000000   Number         0  mallocra.o ABSOLUTE
    ../clib/microlib/malloc/malloc.c         0x00000000   Number         0  mallocr.o ABSOLUTE
    ../clib/microlib/malloc/malloc.c         0x00000000   Number         0  malloc.o ABSOLUTE
    ../clib/microlib/malloc/malloc.c         0x00000000   Number         0  malloca.o ABSOLUTE
    ../clib/microlib/malloc/mvars.c          0x00000000   Number         0  mvars.o ABSOLUTE
    ../clib/microlib/string/memcpy.c         0x00000000   Number         0  memmoveb.o ABSOLUTE
    ../clib/microlib/string/memcpy.c         0x00000000   Number         0  memcpyb.o ABSOLUTE
    ../clib/microlib/string/memcpy.c         0x00000000   Number         0  memmovea.o ABSOLUTE
    ../clib/microlib/string/memcpy.c         0x00000000   Number         0  memcpya.o ABSOLUTE
    ../clib/microlib/string/memset.c         0x00000000   Number         0  memseta.o ABSOLUTE
    ../clib/microlib/stubs.s                 0x00000000   Number         0  iusefp.o ABSOLUTE
    ../clib/scanf.c                          0x00000000   Number         0  strtol.o ABSOLUTE
    ../clib/scanf.c                          0x00000000   Number         0  atoi.o ABSOLUTE
    ../clib/scanf.c                          0x00000000   Number         0  _strtoul.o ABSOLUTE
    ../clib/scanf.c                          0x00000000   Number         0  _chval.o ABSOLUTE
    ../fplib/microlib/fpadd.c                0x00000000   Number         0  dadd.o ABSOLUTE
    ../fplib/microlib/fpdiv.c                0x00000000   Number         0  ddiv.o ABSOLUTE
    ../fplib/microlib/fpepilogue.c           0x00000000   Number         0  depilogue.o ABSOLUTE
    ../fplib/microlib/fpfix.c                0x00000000   Number         0  dfixi.o ABSOLUTE
    ../fplib/microlib/fpflt.c                0x00000000   Number         0  dflti.o ABSOLUTE
    ../fplib/microlib/fpflt.c                0x00000000   Number         0  dfltui.o ABSOLUTE
    ../fplib/microlib/fpmul.c                0x00000000   Number         0  dmul.o ABSOLUTE
    ..\CMSIS\core_cm3.c                      0x00000000   Number         0  core_cm3.o ABSOLUTE
    ..\CMSIS\system_stm32f10x.c              0x00000000   Number         0  system_stm32f10x.o ABSOLUTE
    ..\FWlib\src\misc.c                      0x00000000   Number         0  misc.o ABSOLUTE
    ..\FWlib\src\stm32f10x_adc.c             0x00000000   Number         0  stm32f10x_adc.o ABSOLUTE
    ..\FWlib\src\stm32f10x_bkp.c             0x00000000   Number         0  stm32f10x_bkp.o ABSOLUTE
    ..\FWlib\src\stm32f10x_can.c             0x00000000   Number         0  stm32f10x_can.o ABSOLUTE
    ..\FWlib\src\stm32f10x_cec.c             0x00000000   Number         0  stm32f10x_cec.o ABSOLUTE
    ..\FWlib\src\stm32f10x_crc.c             0x00000000   Number         0  stm32f10x_crc.o ABSOLUTE
    ..\FWlib\src\stm32f10x_dac.c             0x00000000   Number         0  stm32f10x_dac.o ABSOLUTE
    ..\FWlib\src\stm32f10x_dbgmcu.c          0x00000000   Number         0  stm32f10x_dbgmcu.o ABSOLUTE
    ..\FWlib\src\stm32f10x_dma.c             0x00000000   Number         0  stm32f10x_dma.o ABSOLUTE
    ..\FWlib\src\stm32f10x_exti.c            0x00000000   Number         0  stm32f10x_exti.o ABSOLUTE
    ..\FWlib\src\stm32f10x_flash.c           0x00000000   Number         0  stm32f10x_flash.o ABSOLUTE
    ..\FWlib\src\stm32f10x_fsmc.c            0x00000000   Number         0  stm32f10x_fsmc.o ABSOLUTE
    ..\FWlib\src\stm32f10x_gpio.c            0x00000000   Number         0  stm32f10x_gpio.o ABSOLUTE
    ..\FWlib\src\stm32f10x_i2c.c             0x00000000   Number         0  stm32f10x_i2c.o ABSOLUTE
    ..\FWlib\src\stm32f10x_iwdg.c            0x00000000   Number         0  stm32f10x_iwdg.o ABSOLUTE
    ..\FWlib\src\stm32f10x_pwr.c             0x00000000   Number         0  stm32f10x_pwr.o ABSOLUTE
    ..\FWlib\src\stm32f10x_rcc.c             0x00000000   Number         0  stm32f10x_rcc.o ABSOLUTE
    ..\FWlib\src\stm32f10x_rtc.c             0x00000000   Number         0  stm32f10x_rtc.o ABSOLUTE
    ..\FWlib\src\stm32f10x_sdio.c            0x00000000   Number         0  stm32f10x_sdio.o ABSOLUTE
    ..\FWlib\src\stm32f10x_spi.c             0x00000000   Number         0  stm32f10x_spi.o ABSOLUTE
    ..\FWlib\src\stm32f10x_tim.c             0x00000000   Number         0  stm32f10x_tim.o ABSOLUTE
    ..\FWlib\src\stm32f10x_usart.c           0x00000000   Number         0  stm32f10x_usart.o ABSOLUTE
    ..\FWlib\src\stm32f10x_wwdg.c            0x00000000   Number         0  stm32f10x_wwdg.o ABSOLUTE
    ..\StartUp\startup_stm32f10x_hd.s        0x00000000   Number         0  startup_stm32f10x_hd.o ABSOLUTE
    ..\User\AllTasks\common.c                0x00000000   Number         0  common.o ABSOLUTE
    ..\User\AllTasks\extiMng.c               0x00000000   Number         0  extimng.o ABSOLUTE
    ..\User\AllTasks\globalVal.c             0x00000000   Number         0  globalval.o ABSOLUTE
    ..\User\AllTasks\hardMng.c               0x00000000   Number         0  hardmng.o ABSOLUTE
    ..\User\AllTasks\irRemoteMng.c           0x00000000   Number         0  irremotemng.o ABSOLUTE
    ..\User\AllTasks\main.c                  0x00000000   Number         0  main.o ABSOLUTE
    ..\User\AllTasks\mcuMng.c                0x00000000   Number         0  mcumng.o ABSOLUTE
    ..\User\AllTasks\timerMng.c              0x00000000   Number         0  timermng.o ABSOLUTE
    ..\User\AllTasks\uartMng.c               0x00000000   Number         0  uartmng.o ABSOLUTE
    ..\User\Driver\Com_Uart\packetReceive.c  0x00000000   Number         0  packetreceive.o ABSOLUTE
    ..\User\Driver\Com_Uart\packetTransmit.c 0x00000000   Number         0  packettransmit.o ABSOLUTE
    ..\User\Module\Com_Parse\comParse.c      0x00000000   Number         0  comparse.o ABSOLUTE
    ..\User\Module\FlashMng\flashMng.c       0x00000000   Number         0  flashmng.o ABSOLUTE
    ..\User\Module\ircMng\ircMng.c           0x00000000   Number         0  ircmng.o ABSOLUTE
    ..\User\Module\ircMng\irc_CmdRecv.c      0x00000000   Number         0  irc_cmdrecv.o ABSOLUTE
    ..\User\Module\ircMng\irc_CmdSend.c      0x00000000   Number         0  irc_cmdsend.o ABSOLUTE
    ..\User\Module\ircMng\irc_Common.c       0x00000000   Number         0  irc_common.o ABSOLUTE
    ..\\CMSIS\\core_cm3.c                    0x00000000   Number         0  core_cm3.o ABSOLUTE
    cdcmple.s                                0x00000000   Number         0  cdcmple.o ABSOLUTE
    dc.s                                     0x00000000   Number         0  dc.o ABSOLUTE
    handlers.s                               0x00000000   Number         0  handlers.o ABSOLUTE
    init.s                                   0x00000000   Number         0  init.o ABSOLUTE
    RESET                                    0x08000000   Section      304  startup_stm32f10x_hd.o(RESET)
    .ARM.Collect$$$$00000000                 0x08000130   Section        0  entry.o(.ARM.Collect$$$$00000000)
    .ARM.Collect$$$$00000001                 0x08000130   Section        4  entry2.o(.ARM.Collect$$$$00000001)
    .ARM.Collect$$$$00000004                 0x08000134   Section        4  entry5.o(.ARM.Collect$$$$00000004)
    .ARM.Collect$$$$00000008                 0x08000138   Section        0  entry7b.o(.ARM.Collect$$$$00000008)
    .ARM.Collect$$$$0000000A                 0x08000138   Section        0  entry8b.o(.ARM.Collect$$$$0000000A)
    .ARM.Collect$$$$0000000B                 0x08000138   Section        8  entry9a.o(.ARM.Collect$$$$0000000B)
    .ARM.Collect$$$$0000000D                 0x08000140   Section        0  entry10a.o(.ARM.Collect$$$$0000000D)
    .ARM.Collect$$$$0000000F                 0x08000140   Section        0  entry11a.o(.ARM.Collect$$$$0000000F)
    .ARM.Collect$$$$00002712                 0x08000140   Section        4  entry2.o(.ARM.Collect$$$$00002712)
    __lit__00000000                          0x08000140   Data           4  entry2.o(.ARM.Collect$$$$00002712)
    .text                                    0x08000144   Section       36  startup_stm32f10x_hd.o(.text)
    .text                                    0x08000168   Section        0  memseta.o(.text)
    .text                                    0x0800018c   Section       36  init.o(.text)
    i.CheckPacketReceiveEnd                  0x080001b0   Section        0  packetreceive.o(i.CheckPacketReceiveEnd)
    i.CheckSum                               0x080001da   Section        0  packetreceive.o(i.CheckSum)
    i.CheckSumResult                         0x080001fc   Section        0  packetreceive.o(i.CheckSumResult)
    i.ClockTimer_Init                        0x08000218   Section        0  timermng.o(i.ClockTimer_Init)
    i.DataInit                               0x08000280   Section        0  main.o(i.DataInit)
    i.EXTI0_IRQHandler                       0x0800028c   Section        0  extimng.o(i.EXTI0_IRQHandler)
    i.EXTI_ClearITPendingBit                 0x08000374   Section        0  stm32f10x_exti.o(i.EXTI_ClearITPendingBit)
    i.EXTI_Configuration                     0x08000380   Section        0  extimng.o(i.EXTI_Configuration)
    i.EXTI_GPIO_Configuration                0x080003a8   Section        0  extimng.o(i.EXTI_GPIO_Configuration)
    i.EXTI_GetITStatus                       0x080003cc   Section        0  stm32f10x_exti.o(i.EXTI_GetITStatus)
    i.EXTI_Init                              0x080003f4   Section        0  stm32f10x_exti.o(i.EXTI_Init)
    i.EXTI_NVIC_Configuration                0x08000488   Section        0  extimng.o(i.EXTI_NVIC_Configuration)
    i.Exti_Init                              0x080004b0   Section        0  extimng.o(i.Exti_Init)
    i.GPIO_EXTILineConfig                    0x080004c0   Section        0  stm32f10x_gpio.o(i.GPIO_EXTILineConfig)
    i.GPIO_Init                              0x08000500   Section        0  stm32f10x_gpio.o(i.GPIO_Init)
    i.GPIO_InitIO                            0x08000612   Section        0  hardmng.o(i.GPIO_InitIO)
    i.GPIO_PinRemapConfig                    0x08000644   Section        0  stm32f10x_gpio.o(i.GPIO_PinRemapConfig)
    i.GPIO_ResetBits                         0x080006d4   Section        0  stm32f10x_gpio.o(i.GPIO_ResetBits)
    i.GetFreeBufferID                        0x080006d8   Section        0  packetreceive.o(i.GetFreeBufferID)
    i.HardFault_Handler                      0x080006fc   Section        0  extimng.o(i.HardFault_Handler)
    i.HardWare_Init                          0x08000724   Section        0  hardmng.o(i.HardWare_Init)
    i.IWDG_Feed                              0x08000750   Section        0  timermng.o(i.IWDG_Feed)
    i.IWDG_ReloadCounter                     0x08000758   Section        0  stm32f10x_iwdg.o(i.IWDG_ReloadCounter)
    i.LED_Blink                              0x08000768   Section        0  hardmng.o(i.LED_Blink)
    i.Led_Off                                0x08000798   Section        0  hardmng.o(i.Led_Off)
    i.NVIC1_Configuration                    0x080007b0   Section        0  uartmng.o(i.NVIC1_Configuration)
    i.NVIC2_Configuration                    0x080007da   Section        0  uartmng.o(i.NVIC2_Configuration)
    i.NVIC_Init                              0x08000804   Section        0  misc.o(i.NVIC_Init)
    i.NVIC_PriorityGroupConfig               0x08000878   Section        0  misc.o(i.NVIC_PriorityGroupConfig)
    i.RCC_APB1PeriphClockCmd                 0x0800088c   Section        0  stm32f10x_rcc.o(i.RCC_APB1PeriphClockCmd)
    i.RCC_APB1PeriphResetCmd                 0x080008ac   Section        0  stm32f10x_rcc.o(i.RCC_APB1PeriphResetCmd)
    i.RCC_APB2PeriphClockCmd                 0x080008cc   Section        0  stm32f10x_rcc.o(i.RCC_APB2PeriphClockCmd)
    i.RCC_APB2PeriphResetCmd                 0x080008ec   Section        0  stm32f10x_rcc.o(i.RCC_APB2PeriphResetCmd)
    i.RCC_Configuration                      0x0800090c   Section        0  mcumng.o(i.RCC_Configuration)
    i.RCC_DeInit                             0x0800096c   Section        0  stm32f10x_rcc.o(i.RCC_DeInit)
    i.RCC_GetClocksFreq                      0x080009b8   Section        0  stm32f10x_rcc.o(i.RCC_GetClocksFreq)
    i.RCC_GetFlagStatus                      0x08000a8c   Section        0  stm32f10x_rcc.o(i.RCC_GetFlagStatus)
    i.RCC_GetSYSCLKSource                    0x08000ac8   Section        0  stm32f10x_rcc.o(i.RCC_GetSYSCLKSource)
    i.RCC_HCLKConfig                         0x08000ad8   Section        0  stm32f10x_rcc.o(i.RCC_HCLKConfig)
    i.RCC_HSEConfig                          0x08000af0   Section        0  stm32f10x_rcc.o(i.RCC_HSEConfig)
    i.RCC_HSICmd                             0x08000b3c   Section        0  stm32f10x_rcc.o(i.RCC_HSICmd)
    i.RCC_MCU_Configuration                  0x08000b48   Section        0  mcumng.o(i.RCC_MCU_Configuration)
    i.RCC_PCLK1Config                        0x08000b74   Section        0  stm32f10x_rcc.o(i.RCC_PCLK1Config)
    i.RCC_PCLK2Config                        0x08000b8c   Section        0  stm32f10x_rcc.o(i.RCC_PCLK2Config)
    i.RCC_PLLCmd                             0x08000ba4   Section        0  stm32f10x_rcc.o(i.RCC_PLLCmd)
    i.RCC_PLLConfig                          0x08000bb0   Section        0  stm32f10x_rcc.o(i.RCC_PLLConfig)
    i.RCC_SYSCLKConfig                       0x08000bcc   Section        0  stm32f10x_rcc.o(i.RCC_SYSCLKConfig)
    i.SetSysClock                            0x08000be4   Section        0  system_stm32f10x.o(i.SetSysClock)
    SetSysClock                              0x08000be5   Thumb Code     8  system_stm32f10x.o(i.SetSysClock)
    i.SetSysClockTo72                        0x08000bec   Section        0  system_stm32f10x.o(i.SetSysClockTo72)
    SetSysClockTo72                          0x08000bed   Thumb Code   212  system_stm32f10x.o(i.SetSysClockTo72)
    i.SysTick_Handler                        0x08000cc8   Section        0  timermng.o(i.SysTick_Handler)
    i.SystemInit                             0x08000ce0   Section        0  system_stm32f10x.o(i.SystemInit)
    i.TIM1_PWM_Init                          0x08000d40   Section        0  timermng.o(i.TIM1_PWM_Init)
    i.TIM2_IRQHandler                        0x08000dc0   Section        0  timermng.o(i.TIM2_IRQHandler)
    i.TIM3_Config_Init                       0x08000dfc   Section        0  timermng.o(i.TIM3_Config_Init)
    i.TIM3_INT_Start                         0x08000ea8   Section        0  timermng.o(i.TIM3_INT_Start)
    i.TIM3_INT_Stop                          0x08000ecc   Section        0  timermng.o(i.TIM3_INT_Stop)
    i.TIM3_IRQHandler                        0x08000ef0   Section        0  timermng.o(i.TIM3_IRQHandler)
    i.TIM_ClearITPendingBit                  0x08000f40   Section        0  stm32f10x_tim.o(i.TIM_ClearITPendingBit)
    i.TIM_Cmd                                0x08000f46   Section        0  stm32f10x_tim.o(i.TIM_Cmd)
    i.TIM_CtrlPWMOutputs                     0x08000f5e   Section        0  stm32f10x_tim.o(i.TIM_CtrlPWMOutputs)
    i.TIM_DeInit                             0x08000f7c   Section        0  stm32f10x_tim.o(i.TIM_DeInit)
    i.TIM_GenerateEvent                      0x08001164   Section        0  stm32f10x_tim.o(i.TIM_GenerateEvent)
    i.TIM_GetCounter                         0x08001168   Section        0  stm32f10x_tim.o(i.TIM_GetCounter)
    i.TIM_GetITStatus                        0x0800116e   Section        0  stm32f10x_tim.o(i.TIM_GetITStatus)
    i.TIM_ITConfig                           0x08001190   Section        0  stm32f10x_tim.o(i.TIM_ITConfig)
    i.TIM_InternalClockConfig                0x080011a2   Section        0  stm32f10x_tim.o(i.TIM_InternalClockConfig)
    i.TIM_OC1Init                            0x080011b0   Section        0  stm32f10x_tim.o(i.TIM_OC1Init)
    i.TIM_OC1PreloadConfig                   0x08001248   Section        0  stm32f10x_tim.o(i.TIM_OC1PreloadConfig)
    i.TIM_OCStructInit                       0x0800125a   Section        0  stm32f10x_tim.o(i.TIM_OCStructInit)
    i.TIM_SetCounter                         0x0800126e   Section        0  stm32f10x_tim.o(i.TIM_SetCounter)
    i.TIM_TimeBaseInit                       0x08001274   Section        0  stm32f10x_tim.o(i.TIM_TimeBaseInit)
    i.Timer1_Ch1_InitIO                      0x08001318   Section        0  hardmng.o(i.Timer1_Ch1_InitIO)
    i.UART1_GPIO_Configuration               0x0800133c   Section        0  uartmng.o(i.UART1_GPIO_Configuration)
    i.UART2_GPIO_Configuration               0x08001378   Section        0  uartmng.o(i.UART2_GPIO_Configuration)
    i.UART_Init                              0x080013b0   Section        0  uartmng.o(i.UART_Init)
    i.USART1_Configuration                   0x080013cc   Section        0  uartmng.o(i.USART1_Configuration)
    i.USART1_IRQHandler                      0x08001434   Section        0  uartmng.o(i.USART1_IRQHandler)
    i.USART2_Configuration                   0x08001460   Section        0  uartmng.o(i.USART2_Configuration)
    i.USART2_IRQHandler                      0x080014c8   Section        0  uartmng.o(i.USART2_IRQHandler)
    i.USART_ClockInit                        0x080014f4   Section        0  stm32f10x_usart.o(i.USART_ClockInit)
    i.USART_Cmd                              0x08001516   Section        0  stm32f10x_usart.o(i.USART_Cmd)
    i.USART_GetITStatus                      0x0800152e   Section        0  stm32f10x_usart.o(i.USART_GetITStatus)
    i.USART_ITConfig                         0x08001582   Section        0  stm32f10x_usart.o(i.USART_ITConfig)
    i.USART_Init                             0x080015cc   Section        0  stm32f10x_usart.o(i.USART_Init)
    i.USART_ReceiveData                      0x080016a4   Section        0  stm32f10x_usart.o(i.USART_ReceiveData)
    i.UserDelay                              0x080016ae   Section        0  hardmng.o(i.UserDelay)
    i.__scatterload_copy                     0x080016ca   Section       14  handlers.o(i.__scatterload_copy)
    i.__scatterload_null                     0x080016d8   Section        2  handlers.o(i.__scatterload_null)
    i.__scatterload_zeroinit                 0x080016da   Section       14  handlers.o(i.__scatterload_zeroinit)
    i.clearIrcEncodeData                     0x080016e8   Section        0  ircmng.o(i.clearIrcEncodeData)
    i.clearIrcLearnData                      0x0800171c   Section        0  ircmng.o(i.clearIrcLearnData)
    i.clearReceiveBuffer                     0x08001734   Section        0  packetreceive.o(i.clearReceiveBuffer)
    i.free                                   0x08001798   Section        0  malloc.o(i.free)
    i.ircMngInit                             0x080017e8   Section        0  ircmng.o(i.ircMngInit)
    i.main                                   0x080017f4   Section        0  main.o(i.main)
    i.makeReceiveBuffer                      0x08001814   Section        0  packetreceive.o(i.makeReceiveBuffer)
    i.malloc                                 0x08001864   Section        0  malloc.o(i.malloc)
    i.mcu_Init                               0x080018d0   Section        0  mcumng.o(i.mcu_Init)
    i.packetReceiveWithByte                  0x080018ec   Section        0  packetreceive.o(i.packetReceiveWithByte)
    i.setReceiveBufferFlag                   0x08001a34   Section        0  packetreceive.o(i.setReceiveBufferFlag)
    i.storeReceiveData                       0x08001a44   Section        0  packetreceive.o(i.storeReceiveData)
    .data                                    0x20000000   Section       30  globalval.o(.data)
    .data                                    0x2000001e   Section       20  stm32f10x_rcc.o(.data)
    APBAHBPrescTable                         0x2000001e   Data          16  stm32f10x_rcc.o(.data)
    ADCPrescTable                            0x2000002e   Data           4  stm32f10x_rcc.o(.data)
    .data                                    0x20000034   Section        4  mvars.o(.data)
    .data                                    0x20000038   Section        4  mvars.o(.data)
    .bss                                     0x2000003c   Section    10328  globalval.o(.bss)
    HEAP                                     0x20002898   Section     3072  startup_stm32f10x_hd.o(HEAP)
    STACK                                    0x20003498   Section     1024  startup_stm32f10x_hd.o(STACK)

    Global Symbols

    Symbol Name                              Value     Ov Type        Size  Object(Section)

    BuildAttributes$$THM_ISAv4$P$D$K$B$S$PE$A:L22UL41UL21$X:L11$S22US41US21$IEEE1$IW$USESV6$~STKCKD$USESV7$~SHL$OSPACE$ROPI$EBA8$MICROLIB$REQ8$PRES8$EABIv2 0x00000000   Number         0  anon$$obj.o ABSOLUTE
    __ARM_use_no_argv                        0x00000000   Number         0  main.o ABSOLUTE
    __cpp_initialize__aeabi_                  - Undefined Weak Reference
    __cxa_finalize                            - Undefined Weak Reference
    __decompress                              - Undefined Weak Reference
    _clock_init                               - Undefined Weak Reference
    _microlib_exit                            - Undefined Weak Reference
    __Vectors_Size                           0x00000130   Number         0  startup_stm32f10x_hd.o ABSOLUTE
    __Vectors                                0x08000000   Data           4  startup_stm32f10x_hd.o(RESET)
    __Vectors_End                            0x08000130   Data           0  startup_stm32f10x_hd.o(RESET)
    __main                                   0x08000131   Thumb Code     0  entry.o(.ARM.Collect$$$$00000000)
    _main_stk                                0x08000131   Thumb Code     0  entry2.o(.ARM.Collect$$$$00000001)
    _main_scatterload                        0x08000135   Thumb Code     0  entry5.o(.ARM.Collect$$$$00000004)
    __main_after_scatterload                 0x08000139   Thumb Code     0  entry5.o(.ARM.Collect$$$$00000004)
    _main_clock                              0x08000139   Thumb Code     0  entry7b.o(.ARM.Collect$$$$00000008)
    _main_cpp_init                           0x08000139   Thumb Code     0  entry8b.o(.ARM.Collect$$$$0000000A)
    _main_init                               0x08000139   Thumb Code     0  entry9a.o(.ARM.Collect$$$$0000000B)
    __rt_final_cpp                           0x08000141   Thumb Code     0  entry10a.o(.ARM.Collect$$$$0000000D)
    __rt_final_exit                          0x08000141   Thumb Code     0  entry11a.o(.ARM.Collect$$$$0000000F)
    Reset_Handler                            0x08000145   Thumb Code     8  startup_stm32f10x_hd.o(.text)
    NMI_Handler                              0x0800014d   Thumb Code     2  startup_stm32f10x_hd.o(.text)
    MemManage_Handler                        0x08000151   Thumb Code     2  startup_stm32f10x_hd.o(.text)
    BusFault_Handler                         0x08000153   Thumb Code     2  startup_stm32f10x_hd.o(.text)
    UsageFault_Handler                       0x08000155   Thumb Code     2  startup_stm32f10x_hd.o(.text)
    SVC_Handler                              0x08000157   Thumb Code     2  startup_stm32f10x_hd.o(.text)
    DebugMon_Handler                         0x08000159   Thumb Code     2  startup_stm32f10x_hd.o(.text)
    PendSV_Handler                           0x0800015b   Thumb Code     2  startup_stm32f10x_hd.o(.text)
    ADC1_2_IRQHandler                        0x0800015f   Thumb Code     0  startup_stm32f10x_hd.o(.text)
    ADC3_IRQHandler                          0x0800015f   Thumb Code     0  startup_stm32f10x_hd.o(.text)
    CAN1_RX1_IRQHandler                      0x0800015f   Thumb Code     0  startup_stm32f10x_hd.o(.text)
    CAN1_SCE_IRQHandler                      0x0800015f   Thumb Code     0  startup_stm32f10x_hd.o(.text)
    DMA1_Channel1_IRQHandler                 0x0800015f   Thumb Code     0  startup_stm32f10x_hd.o(.text)
    DMA1_Channel2_IRQHandler                 0x0800015f   Thumb Code     0  startup_stm32f10x_hd.o(.text)
    DMA1_Channel3_IRQHandler                 0x0800015f   Thumb Code     0  startup_stm32f10x_hd.o(.text)
    DMA1_Channel4_IRQHandler                 0x0800015f   Thumb Code     0  startup_stm32f10x_hd.o(.text)
    DMA1_Channel5_IRQHandler                 0x0800015f   Thumb Code     0  startup_stm32f10x_hd.o(.text)
    DMA1_Channel6_IRQHandler                 0x0800015f   Thumb Code     0  startup_stm32f10x_hd.o(.text)
    DMA1_Channel7_IRQHandler                 0x0800015f   Thumb Code     0  startup_stm32f10x_hd.o(.text)
    DMA2_Channel1_IRQHandler                 0x0800015f   Thumb Code     0  startup_stm32f10x_hd.o(.text)
    DMA2_Channel2_IRQHandler                 0x0800015f   Thumb Code     0  startup_stm32f10x_hd.o(.text)
    DMA2_Channel3_IRQHandler                 0x0800015f   Thumb Code     0  startup_stm32f10x_hd.o(.text)
    DMA2_Channel4_5_IRQHandler               0x0800015f   Thumb Code     0  startup_stm32f10x_hd.o(.text)
    EXTI15_10_IRQHandler                     0x0800015f   Thumb Code     0  startup_stm32f10x_hd.o(.text)
    EXTI1_IRQHandler                         0x0800015f   Thumb Code     0  startup_stm32f10x_hd.o(.text)
    EXTI2_IRQHandler                         0x0800015f   Thumb Code     0  startup_stm32f10x_hd.o(.text)
    EXTI3_IRQHandler                         0x0800015f   Thumb Code     0  startup_stm32f10x_hd.o(.text)
    EXTI4_IRQHandler                         0x0800015f   Thumb Code     0  startup_stm32f10x_hd.o(.text)
    EXTI9_5_IRQHandler                       0x0800015f   Thumb Code     0  startup_stm32f10x_hd.o(.text)
    FLASH_IRQHandler                         0x0800015f   Thumb Code     0  startup_stm32f10x_hd.o(.text)
    FSMC_IRQHandler                          0x0800015f   Thumb Code     0  startup_stm32f10x_hd.o(.text)
    I2C1_ER_IRQHandler                       0x0800015f   Thumb Code     0  startup_stm32f10x_hd.o(.text)
    I2C1_EV_IRQHandler                       0x0800015f   Thumb Code     0  startup_stm32f10x_hd.o(.text)
    I2C2_ER_IRQHandler                       0x0800015f   Thumb Code     0  startup_stm32f10x_hd.o(.text)
    I2C2_EV_IRQHandler                       0x0800015f   Thumb Code     0  startup_stm32f10x_hd.o(.text)
    PVD_IRQHandler                           0x0800015f   Thumb Code     0  startup_stm32f10x_hd.o(.text)
    RCC_IRQHandler                           0x0800015f   Thumb Code     0  startup_stm32f10x_hd.o(.text)
    RTCAlarm_IRQHandler                      0x0800015f   Thumb Code     0  startup_stm32f10x_hd.o(.text)
    RTC_IRQHandler                           0x0800015f   Thumb Code     0  startup_stm32f10x_hd.o(.text)
    SDIO_IRQHandler                          0x0800015f   Thumb Code     0  startup_stm32f10x_hd.o(.text)
    SPI1_IRQHandler                          0x0800015f   Thumb Code     0  startup_stm32f10x_hd.o(.text)
    SPI2_IRQHandler                          0x0800015f   Thumb Code     0  startup_stm32f10x_hd.o(.text)
    SPI3_IRQHandler                          0x0800015f   Thumb Code     0  startup_stm32f10x_hd.o(.text)
    TAMPER_IRQHandler                        0x0800015f   Thumb Code     0  startup_stm32f10x_hd.o(.text)
    TIM1_BRK_IRQHandler                      0x0800015f   Thumb Code     0  startup_stm32f10x_hd.o(.text)
    TIM1_CC_IRQHandler                       0x0800015f   Thumb Code     0  startup_stm32f10x_hd.o(.text)
    TIM1_TRG_COM_IRQHandler                  0x0800015f   Thumb Code     0  startup_stm32f10x_hd.o(.text)
    TIM1_UP_IRQHandler                       0x0800015f   Thumb Code     0  startup_stm32f10x_hd.o(.text)
    TIM4_IRQHandler                          0x0800015f   Thumb Code     0  startup_stm32f10x_hd.o(.text)
    TIM5_IRQHandler                          0x0800015f   Thumb Code     0  startup_stm32f10x_hd.o(.text)
    TIM6_IRQHandler                          0x0800015f   Thumb Code     0  startup_stm32f10x_hd.o(.text)
    TIM7_IRQHandler                          0x0800015f   Thumb Code     0  startup_stm32f10x_hd.o(.text)
    TIM8_BRK_IRQHandler                      0x0800015f   Thumb Code     0  startup_stm32f10x_hd.o(.text)
    TIM8_CC_IRQHandler                       0x0800015f   Thumb Code     0  startup_stm32f10x_hd.o(.text)
    TIM8_TRG_COM_IRQHandler                  0x0800015f   Thumb Code     0  startup_stm32f10x_hd.o(.text)
    TIM8_UP_IRQHandler                       0x0800015f   Thumb Code     0  startup_stm32f10x_hd.o(.text)
    UART4_IRQHandler                         0x0800015f   Thumb Code     0  startup_stm32f10x_hd.o(.text)
    UART5_IRQHandler                         0x0800015f   Thumb Code     0  startup_stm32f10x_hd.o(.text)
    USART3_IRQHandler                        0x0800015f   Thumb Code     0  startup_stm32f10x_hd.o(.text)
    USBWakeUp_IRQHandler                     0x0800015f   Thumb Code     0  startup_stm32f10x_hd.o(.text)
    USB_HP_CAN1_TX_IRQHandler                0x0800015f   Thumb Code     0  startup_stm32f10x_hd.o(.text)
    USB_LP_CAN1_RX0_IRQHandler               0x0800015f   Thumb Code     0  startup_stm32f10x_hd.o(.text)
    WWDG_IRQHandler                          0x0800015f   Thumb Code     0  startup_stm32f10x_hd.o(.text)
    __aeabi_memset                           0x08000169   Thumb Code    14  memseta.o(.text)
    __aeabi_memset4                          0x08000169   Thumb Code     0  memseta.o(.text)
    __aeabi_memset8                          0x08000169   Thumb Code     0  memseta.o(.text)
    __aeabi_memclr                           0x08000177   Thumb Code     4  memseta.o(.text)
    __aeabi_memclr4                          0x08000177   Thumb Code     0  memseta.o(.text)
    __aeabi_memclr8                          0x08000177   Thumb Code     0  memseta.o(.text)
    _memset$wrapper                          0x0800017b   Thumb Code    18  memseta.o(.text)
    __scatterload                            0x0800018d   Thumb Code    28  init.o(.text)
    __scatterload_rt2                        0x0800018d   Thumb Code     0  init.o(.text)
    CheckPacketReceiveEnd                    0x080001b1   Thumb Code    42  packetreceive.o(i.CheckPacketReceiveEnd)
    CheckSum                                 0x080001db   Thumb Code    34  packetreceive.o(i.CheckSum)
    CheckSumResult                           0x080001fd   Thumb Code    28  packetreceive.o(i.CheckSumResult)
    ClockTimer_Init                          0x08000219   Thumb Code   102  timermng.o(i.ClockTimer_Init)
    DataInit                                 0x08000281   Thumb Code     8  main.o(i.DataInit)
    EXTI0_IRQHandler                         0x0800028d   Thumb Code   224  extimng.o(i.EXTI0_IRQHandler)
    EXTI_ClearITPendingBit                   0x08000375   Thumb Code     6  stm32f10x_exti.o(i.EXTI_ClearITPendingBit)
    EXTI_Configuration                       0x08000381   Thumb Code    40  extimng.o(i.EXTI_Configuration)
    EXTI_GPIO_Configuration                  0x080003a9   Thumb Code    30  extimng.o(i.EXTI_GPIO_Configuration)
    EXTI_GetITStatus                         0x080003cd   Thumb Code    34  stm32f10x_exti.o(i.EXTI_GetITStatus)
    EXTI_Init                                0x080003f5   Thumb Code   142  stm32f10x_exti.o(i.EXTI_Init)
    EXTI_NVIC_Configuration                  0x08000489   Thumb Code    40  extimng.o(i.EXTI_NVIC_Configuration)
    Exti_Init                                0x080004b1   Thumb Code    16  extimng.o(i.Exti_Init)
    GPIO_EXTILineConfig                      0x080004c1   Thumb Code    60  stm32f10x_gpio.o(i.GPIO_EXTILineConfig)
    GPIO_Init                                0x08000501   Thumb Code   274  stm32f10x_gpio.o(i.GPIO_Init)
    GPIO_InitIO                              0x08000613   Thumb Code    50  hardmng.o(i.GPIO_InitIO)
    GPIO_PinRemapConfig                      0x08000645   Thumb Code   138  stm32f10x_gpio.o(i.GPIO_PinRemapConfig)
    GPIO_ResetBits                           0x080006d5   Thumb Code     4  stm32f10x_gpio.o(i.GPIO_ResetBits)
    GetFreeBufferID                          0x080006d9   Thumb Code    34  packetreceive.o(i.GetFreeBufferID)
    HardFault_Handler                        0x080006fd   Thumb Code    30  extimng.o(i.HardFault_Handler)
    HardWare_Init                            0x08000725   Thumb Code    40  hardmng.o(i.HardWare_Init)
    IWDG_Feed                                0x08000751   Thumb Code     8  timermng.o(i.IWDG_Feed)
    IWDG_ReloadCounter                       0x08000759   Thumb Code    10  stm32f10x_iwdg.o(i.IWDG_ReloadCounter)
    LED_Blink                                0x08000769   Thumb Code    42  hardmng.o(i.LED_Blink)
    Led_Off                                  0x08000799   Thumb Code    18  hardmng.o(i.Led_Off)
    NVIC1_Configuration                      0x080007b1   Thumb Code    42  uartmng.o(i.NVIC1_Configuration)
    NVIC2_Configuration                      0x080007db   Thumb Code    42  uartmng.o(i.NVIC2_Configuration)
    NVIC_Init                                0x08000805   Thumb Code   102  misc.o(i.NVIC_Init)
    NVIC_PriorityGroupConfig                 0x08000879   Thumb Code    10  misc.o(i.NVIC_PriorityGroupConfig)
    RCC_APB1PeriphClockCmd                   0x0800088d   Thumb Code    26  stm32f10x_rcc.o(i.RCC_APB1PeriphClockCmd)
    RCC_APB1PeriphResetCmd                   0x080008ad   Thumb Code    26  stm32f10x_rcc.o(i.RCC_APB1PeriphResetCmd)
    RCC_APB2PeriphClockCmd                   0x080008cd   Thumb Code    26  stm32f10x_rcc.o(i.RCC_APB2PeriphClockCmd)
    RCC_APB2PeriphResetCmd                   0x080008ed   Thumb Code    26  stm32f10x_rcc.o(i.RCC_APB2PeriphResetCmd)
    RCC_Configuration                        0x0800090d   Thumb Code    96  mcumng.o(i.RCC_Configuration)
    RCC_DeInit                               0x0800096d   Thumb Code    64  stm32f10x_rcc.o(i.RCC_DeInit)
    RCC_GetClocksFreq                        0x080009b9   Thumb Code   192  stm32f10x_rcc.o(i.RCC_GetClocksFreq)
    RCC_GetFlagStatus                        0x08000a8d   Thumb Code    56  stm32f10x_rcc.o(i.RCC_GetFlagStatus)
    RCC_GetSYSCLKSource                      0x08000ac9   Thumb Code    10  stm32f10x_rcc.o(i.RCC_GetSYSCLKSource)
    RCC_HCLKConfig                           0x08000ad9   Thumb Code    18  stm32f10x_rcc.o(i.RCC_HCLKConfig)
    RCC_HSEConfig                            0x08000af1   Thumb Code    70  stm32f10x_rcc.o(i.RCC_HSEConfig)
    RCC_HSICmd                               0x08000b3d   Thumb Code     6  stm32f10x_rcc.o(i.RCC_HSICmd)
    RCC_MCU_Configuration                    0x08000b49   Thumb Code    44  mcumng.o(i.RCC_MCU_Configuration)
    RCC_PCLK1Config                          0x08000b75   Thumb Code    18  stm32f10x_rcc.o(i.RCC_PCLK1Config)
    RCC_PCLK2Config                          0x08000b8d   Thumb Code    20  stm32f10x_rcc.o(i.RCC_PCLK2Config)
    RCC_PLLCmd                               0x08000ba5   Thumb Code     6  stm32f10x_rcc.o(i.RCC_PLLCmd)
    RCC_PLLConfig                            0x08000bb1   Thumb Code    24  stm32f10x_rcc.o(i.RCC_PLLConfig)
    RCC_SYSCLKConfig                         0x08000bcd   Thumb Code    18  stm32f10x_rcc.o(i.RCC_SYSCLKConfig)
    SysTick_Handler                          0x08000cc9   Thumb Code    18  timermng.o(i.SysTick_Handler)
    SystemInit                               0x08000ce1   Thumb Code    78  system_stm32f10x.o(i.SystemInit)
    TIM1_PWM_Init                            0x08000d41   Thumb Code   122  timermng.o(i.TIM1_PWM_Init)
    TIM2_IRQHandler                          0x08000dc1   Thumb Code    56  timermng.o(i.TIM2_IRQHandler)
    TIM3_Config_Init                         0x08000dfd   Thumb Code   158  timermng.o(i.TIM3_Config_Init)
    TIM3_INT_Start                           0x08000ea9   Thumb Code    26  timermng.o(i.TIM3_INT_Start)
    TIM3_INT_Stop                            0x08000ecd   Thumb Code    26  timermng.o(i.TIM3_INT_Stop)
    TIM3_IRQHandler                          0x08000ef1   Thumb Code    62  timermng.o(i.TIM3_IRQHandler)
    TIM_ClearITPendingBit                    0x08000f41   Thumb Code     6  stm32f10x_tim.o(i.TIM_ClearITPendingBit)
    TIM_Cmd                                  0x08000f47   Thumb Code    24  stm32f10x_tim.o(i.TIM_Cmd)
    TIM_CtrlPWMOutputs                       0x08000f5f   Thumb Code    30  stm32f10x_tim.o(i.TIM_CtrlPWMOutputs)
    TIM_DeInit                               0x08000f7d   Thumb Code   424  stm32f10x_tim.o(i.TIM_DeInit)
    TIM_GenerateEvent                        0x08001165   Thumb Code     4  stm32f10x_tim.o(i.TIM_GenerateEvent)
    TIM_GetCounter                           0x08001169   Thumb Code     6  stm32f10x_tim.o(i.TIM_GetCounter)
    TIM_GetITStatus                          0x0800116f   Thumb Code    34  stm32f10x_tim.o(i.TIM_GetITStatus)
    TIM_ITConfig                             0x08001191   Thumb Code    18  stm32f10x_tim.o(i.TIM_ITConfig)
    TIM_InternalClockConfig                  0x080011a3   Thumb Code    12  stm32f10x_tim.o(i.TIM_InternalClockConfig)
    TIM_OC1Init                              0x080011b1   Thumb Code   132  stm32f10x_tim.o(i.TIM_OC1Init)
    TIM_OC1PreloadConfig                     0x08001249   Thumb Code    18  stm32f10x_tim.o(i.TIM_OC1PreloadConfig)
    TIM_OCStructInit                         0x0800125b   Thumb Code    20  stm32f10x_tim.o(i.TIM_OCStructInit)
    TIM_SetCounter                           0x0800126f   Thumb Code     4  stm32f10x_tim.o(i.TIM_SetCounter)
    TIM_TimeBaseInit                         0x08001275   Thumb Code   122  stm32f10x_tim.o(i.TIM_TimeBaseInit)
    Timer1_Ch1_InitIO                        0x08001319   Thumb Code    32  hardmng.o(i.Timer1_Ch1_InitIO)
    UART1_GPIO_Configuration                 0x0800133d   Thumb Code    54  uartmng.o(i.UART1_GPIO_Configuration)
    UART2_GPIO_Configuration                 0x08001379   Thumb Code    50  uartmng.o(i.UART2_GPIO_Configuration)
    UART_Init                                0x080013b1   Thumb Code    28  uartmng.o(i.UART_Init)
    USART1_Configuration                     0x080013cd   Thumb Code    98  uartmng.o(i.USART1_Configuration)
    USART1_IRQHandler                        0x08001435   Thumb Code    34  uartmng.o(i.USART1_IRQHandler)
    USART2_Configuration                     0x08001461   Thumb Code    98  uartmng.o(i.USART2_Configuration)
    USART2_IRQHandler                        0x080014c9   Thumb Code    34  uartmng.o(i.USART2_IRQHandler)
    USART_ClockInit                          0x080014f5   Thumb Code    34  stm32f10x_usart.o(i.USART_ClockInit)
    USART_Cmd                                0x08001517   Thumb Code    24  stm32f10x_usart.o(i.USART_Cmd)
    USART_GetITStatus                        0x0800152f   Thumb Code    84  stm32f10x_usart.o(i.USART_GetITStatus)
    USART_ITConfig                           0x08001583   Thumb Code    74  stm32f10x_usart.o(i.USART_ITConfig)
    USART_Init                               0x080015cd   Thumb Code   210  stm32f10x_usart.o(i.USART_Init)
    USART_ReceiveData                        0x080016a5   Thumb Code    10  stm32f10x_usart.o(i.USART_ReceiveData)
    UserDelay                                0x080016af   Thumb Code    28  hardmng.o(i.UserDelay)
    __scatterload_copy                       0x080016cb   Thumb Code    14  handlers.o(i.__scatterload_copy)
    __scatterload_null                       0x080016d9   Thumb Code     2  handlers.o(i.__scatterload_null)
    __scatterload_zeroinit                   0x080016db   Thumb Code    14  handlers.o(i.__scatterload_zeroinit)
    clearIrcEncodeData                       0x080016e9   Thumb Code    36  ircmng.o(i.clearIrcEncodeData)
    clearIrcLearnData                        0x0800171d   Thumb Code    20  ircmng.o(i.clearIrcLearnData)
    clearReceiveBuffer                       0x08001735   Thumb Code   100  packetreceive.o(i.clearReceiveBuffer)
    free                                     0x08001799   Thumb Code    76  malloc.o(i.free)
    ircMngInit                               0x080017e9   Thumb Code    12  ircmng.o(i.ircMngInit)
    main                                     0x080017f5   Thumb Code    32  main.o(i.main)
    makeReceiveBuffer                        0x08001815   Thumb Code    78  packetreceive.o(i.makeReceiveBuffer)
    malloc                                   0x08001865   Thumb Code    92  malloc.o(i.malloc)
    mcu_Init                                 0x080018d1   Thumb Code    28  mcumng.o(i.mcu_Init)
    packetReceiveWithByte                    0x080018ed   Thumb Code   328  packetreceive.o(i.packetReceiveWithByte)
    setReceiveBufferFlag                     0x08001a35   Thumb Code    16  packetreceive.o(i.setReceiveBufferFlag)
    storeReceiveData                         0x08001a45   Thumb Code    66  packetreceive.o(i.storeReceiveData)
    Region$$Table$$Base                      0x08001a88   Number         0  anon$$obj.o(Region$$Table)
    Region$$Table$$Limit                     0x08001aa8   Number         0  anon$$obj.o(Region$$Table)
    SystemClkCountTimer                      0x20000000   Data           4  globalval.o(.data)
    clockTimerCounter                        0x20000004   Data           2  globalval.o(.data)
    Timer3Counter                            0x20000006   Data           2  globalval.o(.data)
    WorkMode                                 0x20000008   Data           1  globalval.o(.data)
    rawbuf                                   0x2000000c   Data           4  globalval.o(.data)
    rawlen                                   0x20000010   Data           2  globalval.o(.data)
    DelayTimes                               0x20000014   Data           4  globalval.o(.data)
    LocalLearnConfig                         0x20000018   Data           2  globalval.o(.data)
    encodeTableLen                           0x2000001a   Data           1  globalval.o(.data)
    encodeDataLen                            0x2000001c   Data           2  globalval.o(.data)
    __microlib_freelist                      0x20000034   Data           4  mvars.o(.data)
    __microlib_freelist_initialised          0x20000038   Data           4  mvars.o(.data)
    ircLearnData                             0x2000003c   Data        8004  globalval.o(.bss)
    ircRecvHandle                            0x20001f80   Data          20  globalval.o(.bss)
    encodeTable                              0x20001f94   Data         256  globalval.o(.bss)
    encodeData                               0x20002094   Data        2048  globalval.o(.bss)
    __heap_base                              0x20002898   Data           0  startup_stm32f10x_hd.o(HEAP)
    __heap_limit                             0x20003498   Data           0  startup_stm32f10x_hd.o(HEAP)
    __initial_sp                             0x20003898   Data           0  startup_stm32f10x_hd.o(STACK)



==============================================================================

Memory Map of the image

  Image Entry point : 0x08000131

  Load Region LR_IROM1 (Base: 0x08000000, Size: 0x00001ae4, Max: 0x00010000, ABSOLUTE)

    Execution Region ER_IROM1 (Base: 0x08000000, Size: 0x00001aa8, Max: 0x00010000, ABSOLUTE)

    Base Addr    Size         Type   Attr      Idx    E Section Name        Object

    0x08000000   0x00000130   Data   RO            3    RESET               startup_stm32f10x_hd.o
    0x08000130   0x00000000   Code   RO         4301  * .ARM.Collect$$$$00000000  mc_w.l(entry.o)
    0x08000130   0x00000004   Code   RO         4358    .ARM.Collect$$$$00000001  mc_w.l(entry2.o)
    0x08000134   0x00000004   Code   RO         4361    .ARM.Collect$$$$00000004  mc_w.l(entry5.o)
    0x08000138   0x00000000   Code   RO         4363    .ARM.Collect$$$$00000008  mc_w.l(entry7b.o)
    0x08000138   0x00000000   Code   RO         4365    .ARM.Collect$$$$0000000A  mc_w.l(entry8b.o)
    0x08000138   0x00000008   Code   RO         4366    .ARM.Collect$$$$0000000B  mc_w.l(entry9a.o)
    0x08000140   0x00000000   Code   RO         4368    .ARM.Collect$$$$0000000D  mc_w.l(entry10a.o)
    0x08000140   0x00000000   Code   RO         4370    .ARM.Collect$$$$0000000F  mc_w.l(entry11a.o)
    0x08000140   0x00000004   Code   RO         4359    .ARM.Collect$$$$00002712  mc_w.l(entry2.o)
    0x08000144   0x00000024   Code   RO            4    .text               startup_stm32f10x_hd.o
    0x08000168   0x00000024   Code   RO         4308    .text               mc_w.l(memseta.o)
    0x0800018c   0x00000024   Code   RO         4392    .text               mc_w.l(init.o)
    0x080001b0   0x0000002a   Code   RO         3976    i.CheckPacketReceiveEnd  packetreceive.o
    0x080001da   0x00000022   Code   RO         3977    i.CheckSum          packetreceive.o
    0x080001fc   0x0000001c   Code   RO         3978    i.CheckSumResult    packetreceive.o
    0x08000218   0x00000066   Code   RO          392    i.ClockTimer_Init   timermng.o
    0x0800027e   0x00000002   PAD
    0x08000280   0x0000000c   Code   RO           10    i.DataInit          main.o
    0x0800028c   0x000000e8   Code   RO          775    i.EXTI0_IRQHandler  extimng.o
    0x08000374   0x0000000c   Code   RO         1652    i.EXTI_ClearITPendingBit  stm32f10x_exti.o
    0x08000380   0x00000028   Code   RO          776    i.EXTI_Configuration  extimng.o
    0x080003a8   0x00000024   Code   RO          777    i.EXTI_GPIO_Configuration  extimng.o
    0x080003cc   0x00000028   Code   RO         1656    i.EXTI_GetITStatus  stm32f10x_exti.o
    0x080003f4   0x00000094   Code   RO         1657    i.EXTI_Init         stm32f10x_exti.o
    0x08000488   0x00000028   Code   RO          778    i.EXTI_NVIC_Configuration  extimng.o
    0x080004b0   0x00000010   Code   RO          781    i.Exti_Init         extimng.o
    0x080004c0   0x00000040   Code   RO         2002    i.GPIO_EXTILineConfig  stm32f10x_gpio.o
    0x08000500   0x00000112   Code   RO         2005    i.GPIO_Init         stm32f10x_gpio.o
    0x08000612   0x00000032   Code   RO          298    i.GPIO_InitIO       hardmng.o
    0x08000644   0x00000090   Code   RO         2007    i.GPIO_PinRemapConfig  stm32f10x_gpio.o
    0x080006d4   0x00000004   Code   RO         2012    i.GPIO_ResetBits    stm32f10x_gpio.o
    0x080006d8   0x00000022   Code   RO         3979    i.GetFreeBufferID   packetreceive.o
    0x080006fa   0x00000002   PAD
    0x080006fc   0x00000028   Code   RO          782    i.HardFault_Handler  extimng.o
    0x08000724   0x0000002c   Code   RO          301    i.HardWare_Init     hardmng.o
    0x08000750   0x00000008   Code   RO          395    i.IWDG_Feed         timermng.o
    0x08000758   0x00000010   Code   RO         2322    i.IWDG_ReloadCounter  stm32f10x_iwdg.o
    0x08000768   0x00000030   Code   RO          302    i.LED_Blink         hardmng.o
    0x08000798   0x00000018   Code   RO          303    i.Led_Off           hardmng.o
    0x080007b0   0x0000002a   Code   RO          218    i.NVIC1_Configuration  uartmng.o
    0x080007da   0x0000002a   Code   RO          219    i.NVIC2_Configuration  uartmng.o
    0x08000804   0x00000074   Code   RO          833    i.NVIC_Init         misc.o
    0x08000878   0x00000014   Code   RO          834    i.NVIC_PriorityGroupConfig  misc.o
    0x0800088c   0x00000020   Code   RO         2427    i.RCC_APB1PeriphClockCmd  stm32f10x_rcc.o
    0x080008ac   0x00000020   Code   RO         2428    i.RCC_APB1PeriphResetCmd  stm32f10x_rcc.o
    0x080008cc   0x00000020   Code   RO         2429    i.RCC_APB2PeriphClockCmd  stm32f10x_rcc.o
    0x080008ec   0x00000020   Code   RO         2430    i.RCC_APB2PeriphResetCmd  stm32f10x_rcc.o
    0x0800090c   0x00000060   Code   RO          188    i.RCC_Configuration  mcumng.o
    0x0800096c   0x0000004c   Code   RO         2436    i.RCC_DeInit        stm32f10x_rcc.o
    0x080009b8   0x000000d4   Code   RO         2437    i.RCC_GetClocksFreq  stm32f10x_rcc.o
    0x08000a8c   0x0000003c   Code   RO         2438    i.RCC_GetFlagStatus  stm32f10x_rcc.o
    0x08000ac8   0x00000010   Code   RO         2440    i.RCC_GetSYSCLKSource  stm32f10x_rcc.o
    0x08000ad8   0x00000018   Code   RO         2441    i.RCC_HCLKConfig    stm32f10x_rcc.o
    0x08000af0   0x0000004c   Code   RO         2442    i.RCC_HSEConfig     stm32f10x_rcc.o
    0x08000b3c   0x0000000c   Code   RO         2443    i.RCC_HSICmd        stm32f10x_rcc.o
    0x08000b48   0x0000002c   Code   RO          189    i.RCC_MCU_Configuration  mcumng.o
    0x08000b74   0x00000018   Code   RO         2448    i.RCC_PCLK1Config   stm32f10x_rcc.o
    0x08000b8c   0x00000018   Code   RO         2449    i.RCC_PCLK2Config   stm32f10x_rcc.o
    0x08000ba4   0x0000000c   Code   RO         2450    i.RCC_PLLCmd        stm32f10x_rcc.o
    0x08000bb0   0x0000001c   Code   RO         2451    i.RCC_PLLConfig     stm32f10x_rcc.o
    0x08000bcc   0x00000018   Code   RO         2454    i.RCC_SYSCLKConfig  stm32f10x_rcc.o
    0x08000be4   0x00000008   Code   RO         3843    i.SetSysClock       system_stm32f10x.o
    0x08000bec   0x000000dc   Code   RO         3844    i.SetSysClockTo72   system_stm32f10x.o
    0x08000cc8   0x00000018   Code   RO          400    i.SysTick_Handler   timermng.o
    0x08000ce0   0x00000060   Code   RO         3846    i.SystemInit        system_stm32f10x.o
    0x08000d40   0x00000080   Code   RO          401    i.TIM1_PWM_Init     timermng.o
    0x08000dc0   0x0000003c   Code   RO          402    i.TIM2_IRQHandler   timermng.o
    0x08000dfc   0x000000ac   Code   RO          403    i.TIM3_Config_Init  timermng.o
    0x08000ea8   0x00000024   Code   RO          405    i.TIM3_INT_Start    timermng.o
    0x08000ecc   0x00000024   Code   RO          406    i.TIM3_INT_Stop     timermng.o
    0x08000ef0   0x00000050   Code   RO          407    i.TIM3_IRQHandler   timermng.o
    0x08000f40   0x00000006   Code   RO         3062    i.TIM_ClearITPendingBit  stm32f10x_tim.o
    0x08000f46   0x00000018   Code   RO         3067    i.TIM_Cmd           stm32f10x_tim.o
    0x08000f5e   0x0000001e   Code   RO         3069    i.TIM_CtrlPWMOutputs  stm32f10x_tim.o
    0x08000f7c   0x000001e8   Code   RO         3072    i.TIM_DeInit        stm32f10x_tim.o
    0x08001164   0x00000004   Code   RO         3081    i.TIM_GenerateEvent  stm32f10x_tim.o
    0x08001168   0x00000006   Code   RO         3086    i.TIM_GetCounter    stm32f10x_tim.o
    0x0800116e   0x00000022   Code   RO         3088    i.TIM_GetITStatus   stm32f10x_tim.o
    0x08001190   0x00000012   Code   RO         3092    i.TIM_ITConfig      stm32f10x_tim.o
    0x080011a2   0x0000000c   Code   RO         3094    i.TIM_InternalClockConfig  stm32f10x_tim.o
    0x080011ae   0x00000002   PAD
    0x080011b0   0x00000098   Code   RO         3096    i.TIM_OC1Init       stm32f10x_tim.o
    0x08001248   0x00000012   Code   RO         3099    i.TIM_OC1PreloadConfig  stm32f10x_tim.o
    0x0800125a   0x00000014   Code   RO         3114    i.TIM_OCStructInit  stm32f10x_tim.o
    0x0800126e   0x00000004   Code   RO         3132    i.TIM_SetCounter    stm32f10x_tim.o
    0x08001272   0x00000002   PAD
    0x08001274   0x000000a4   Code   RO         3138    i.TIM_TimeBaseInit  stm32f10x_tim.o
    0x08001318   0x00000024   Code   RO          306    i.Timer1_Ch1_InitIO  hardmng.o
    0x0800133c   0x0000003c   Code   RO          220    i.UART1_GPIO_Configuration  uartmng.o
    0x08001378   0x00000038   Code   RO          221    i.UART2_GPIO_Configuration  uartmng.o
    0x080013b0   0x0000001c   Code   RO          222    i.UART_Init         uartmng.o
    0x080013cc   0x00000068   Code   RO          223    i.USART1_Configuration  uartmng.o
    0x08001434   0x0000002c   Code   RO          224    i.USART1_IRQHandler  uartmng.o
    0x08001460   0x00000068   Code   RO          225    i.USART2_Configuration  uartmng.o
    0x080014c8   0x0000002c   Code   RO          226    i.USART2_IRQHandler  uartmng.o
    0x080014f4   0x00000022   Code   RO         3601    i.USART_ClockInit   stm32f10x_usart.o
    0x08001516   0x00000018   Code   RO         3603    i.USART_Cmd         stm32f10x_usart.o
    0x0800152e   0x00000054   Code   RO         3607    i.USART_GetITStatus  stm32f10x_usart.o
    0x08001582   0x0000004a   Code   RO         3609    i.USART_ITConfig    stm32f10x_usart.o
    0x080015cc   0x000000d8   Code   RO         3610    i.USART_Init        stm32f10x_usart.o
    0x080016a4   0x0000000a   Code   RO         3617    i.USART_ReceiveData  stm32f10x_usart.o
    0x080016ae   0x0000001c   Code   RO          307    i.UserDelay         hardmng.o
    0x080016ca   0x0000000e   Code   RO         4428    i.__scatterload_copy  mc_w.l(handlers.o)
    0x080016d8   0x00000002   Code   RO         4429    i.__scatterload_null  mc_w.l(handlers.o)
    0x080016da   0x0000000e   Code   RO         4430    i.__scatterload_zeroinit  mc_w.l(handlers.o)
    0x080016e8   0x00000034   Code   RO         4087    i.clearIrcEncodeData  ircmng.o
    0x0800171c   0x00000018   Code   RO         4088    i.clearIrcLearnData  ircmng.o
    0x08001734   0x00000064   Code   RO         3981    i.clearReceiveBuffer  packetreceive.o
    0x08001798   0x00000050   Code   RO         4314    i.free              mc_w.l(malloc.o)
    0x080017e8   0x0000000c   Code   RO         4099    i.ircMngInit        ircmng.o
    0x080017f4   0x00000020   Code   RO           13    i.main              main.o
    0x08001814   0x0000004e   Code   RO         3984    i.makeReceiveBuffer  packetreceive.o
    0x08001862   0x00000002   PAD
    0x08001864   0x0000006c   Code   RO         4315    i.malloc            mc_w.l(malloc.o)
    0x080018d0   0x0000001c   Code   RO          190    i.mcu_Init          mcumng.o
    0x080018ec   0x00000148   Code   RO         3986    i.packetReceiveWithByte  packetreceive.o
    0x08001a34   0x00000010   Code   RO         3987    i.setReceiveBufferFlag  packetreceive.o
    0x08001a44   0x00000042   Code   RO         3988    i.storeReceiveData  packetreceive.o
    0x08001a86   0x00000002   PAD
    0x08001a88   0x00000020   Data   RO         4426    Region$$Table       anon$$obj.o


    Execution Region RW_IRAM1 (Base: 0x20000000, Size: 0x00003898, Max: 0x00005000, ABSOLUTE)

    Base Addr    Size         Type   Attr      Idx    E Section Name        Object

    0x20000000   0x0000001e   Data   RW          529    .data               globalval.o
    0x2000001e   0x00000014   Data   RW         2457    .data               stm32f10x_rcc.o
    0x20000032   0x00000002   PAD
    0x20000034   0x00000004   Data   RW         4378    .data               mc_w.l(mvars.o)
    0x20000038   0x00000004   Data   RW         4379    .data               mc_w.l(mvars.o)
    0x2000003c   0x00002858   Zero   RW          528    .bss                globalval.o
    0x20002894   0x00000004   PAD
    0x20002898   0x00000c00   Zero   RW            2    HEAP                startup_stm32f10x_hd.o
    0x20003498   0x00000400   Zero   RW            1    STACK               startup_stm32f10x_hd.o


==============================================================================

Image component sizes


      Code (inc. data)   RO Data    RW Data    ZI Data      Debug   Object Name

       404         24          0          0          0      17839   extimng.o
         0          0          0         30      10328       1708   globalval.o
       230         20          0          0          0       3792   hardmng.o
        88         20          0          0          0       1278   ircmng.o
        44          4          0          0          0     256262   main.o
       168          0          0          0          0       1331   mcumng.o
       136         24          0          0          0       1307   misc.o
       726          8          0          0          0       5569   packetreceive.o
        36          8        304          0       4096        776   startup_stm32f10x_hd.o
       200         18          0          0          0       1792   stm32f10x_exti.o
       486         10          0          0          0       3553   stm32f10x_gpio.o
        16          6          0          0          0        401   stm32f10x_iwdg.o
       716        110          0         20          0      10173   stm32f10x_rcc.o
       980        126          0          0          0       7724   stm32f10x_tim.o
       442          6          0          0          0       5036   stm32f10x_usart.o
       324         26          0          0          0       1669   system_stm32f10x.o
       646         68          0          0          0       4252   timermng.o
       524         44          0          0          0       4400   uartmng.o

    ----------------------------------------------------------------------
      6178        522        336         52      14428     328862   Object Totals
         0          0         32          0          0          0   (incl. Generated)
        12          0          0          2          4          0   (incl. Padding)

    ----------------------------------------------------------------------

      Code (inc. data)   RO Data    RW Data    ZI Data      Debug   Library Member Name

         0          0          0          0          0          0   entry.o
         0          0          0          0          0          0   entry10a.o
         0          0          0          0          0          0   entry11a.o
         8          4          0          0          0          0   entry2.o
         4          0          0          0          0          0   entry5.o
         0          0          0          0          0          0   entry7b.o
         0          0          0          0          0          0   entry8b.o
         8          4          0          0          0          0   entry9a.o
        30          0          0          0          0          0   handlers.o
        36          8          0          0          0         68   init.o
       188         20          0          0          0        160   malloc.o
        36          0          0          0          0        108   memseta.o
         0          0          0          8          0          0   mvars.o

    ----------------------------------------------------------------------
       310         36          0          8          0        336   Library Totals
         0          0          0          0          0          0   (incl. Padding)

    ----------------------------------------------------------------------

      Code (inc. data)   RO Data    RW Data    ZI Data      Debug   Library Name

       310         36          0          8          0        336   mc_w.l

    ----------------------------------------------------------------------
       310         36          0          8          0        336   Library Totals

    ----------------------------------------------------------------------

==============================================================================


      Code (inc. data)   RO Data    RW Data    ZI Data      Debug   

      6488        558        336         60      14428     324258   Grand Totals
      6488        558        336         60      14428     324258   ELF Image Totals
      6488        558        336         60          0          0   ROM Totals

==============================================================================

    Total RO  Size (Code + RO Data)                 6824 (   6.66kB)
    Total RW  Size (RW Data + ZI Data)             14488 (  14.15kB)
    Total ROM Size (Code + RO Data + RW Data)       6884 (   6.72kB)

==============================================================================

